Archive member included to satisfy reference by file (symbol)

C:/ST/STM32CubeIDE_1.16.0/STM32CubeIDE/plugins/com.st.stm32cube.ide.mcu.externaltools.gnu-tools-for-stm32.12.3.rel1.win32_1.0.200.202406191623/tools/bin/../lib/gcc/arm-none-eabi/12.3.1/../../../../arm-none-eabi/lib/thumb/v7e-m+fp/hard\libc_nano.a(libc_a-exit.o)
                              C:/ST/STM32CubeIDE_1.16.0/STM32CubeIDE/plugins/com.st.stm32cube.ide.mcu.externaltools.gnu-tools-for-stm32.12.3.rel1.win32_1.0.200.202406191623/tools/bin/../lib/gcc/arm-none-eabi/12.3.1/../../../../arm-none-eabi/lib/thumb/v7e-m+fp/hard/crt0.o (exit)
C:/ST/STM32CubeIDE_1.16.0/STM32CubeIDE/plugins/com.st.stm32cube.ide.mcu.externaltools.gnu-tools-for-stm32.12.3.rel1.win32_1.0.200.202406191623/tools/bin/../lib/gcc/arm-none-eabi/12.3.1/../../../../arm-none-eabi/lib/thumb/v7e-m+fp/hard\libc_nano.a(libc_a-findfp.o)
                              ./Middlewares/Third_Party/FreeRTOS/Source/tasks.o (__sf)
C:/ST/STM32CubeIDE_1.16.0/STM32CubeIDE/plugins/com.st.stm32cube.ide.mcu.externaltools.gnu-tools-for-stm32.12.3.rel1.win32_1.0.200.202406191623/tools/bin/../lib/gcc/arm-none-eabi/12.3.1/../../../../arm-none-eabi/lib/thumb/v7e-m+fp/hard\libc_nano.a(libc_a-fwalk.o)
                              C:/ST/STM32CubeIDE_1.16.0/STM32CubeIDE/plugins/com.st.stm32cube.ide.mcu.externaltools.gnu-tools-for-stm32.12.3.rel1.win32_1.0.200.202406191623/tools/bin/../lib/gcc/arm-none-eabi/12.3.1/../../../../arm-none-eabi/lib/thumb/v7e-m+fp/hard\libc_nano.a(libc_a-findfp.o) (_fwalk_sglue)
C:/ST/STM32CubeIDE_1.16.0/STM32CubeIDE/plugins/com.st.stm32cube.ide.mcu.externaltools.gnu-tools-for-stm32.12.3.rel1.win32_1.0.200.202406191623/tools/bin/../lib/gcc/arm-none-eabi/12.3.1/../../../../arm-none-eabi/lib/thumb/v7e-m+fp/hard\libc_nano.a(libc_a-printf.o)
                              ./Middlewares/ST/STM32_USB_Device_Library/Core/Src/usbd_core.o (printf)
C:/ST/STM32CubeIDE_1.16.0/STM32CubeIDE/plugins/com.st.stm32cube.ide.mcu.externaltools.gnu-tools-for-stm32.12.3.rel1.win32_1.0.200.202406191623/tools/bin/../lib/gcc/arm-none-eabi/12.3.1/../../../../arm-none-eabi/lib/thumb/v7e-m+fp/hard\libc_nano.a(libc_a-putchar.o)
                              ./Middlewares/ST/STM32_USB_Device_Library/Core/Src/usbd_core.o (putchar)
C:/ST/STM32CubeIDE_1.16.0/STM32CubeIDE/plugins/com.st.stm32cube.ide.mcu.externaltools.gnu-tools-for-stm32.12.3.rel1.win32_1.0.200.202406191623/tools/bin/../lib/gcc/arm-none-eabi/12.3.1/../../../../arm-none-eabi/lib/thumb/v7e-m+fp/hard\libc_nano.a(libc_a-stdio.o)
                              C:/ST/STM32CubeIDE_1.16.0/STM32CubeIDE/plugins/com.st.stm32cube.ide.mcu.externaltools.gnu-tools-for-stm32.12.3.rel1.win32_1.0.200.202406191623/tools/bin/../lib/gcc/arm-none-eabi/12.3.1/../../../../arm-none-eabi/lib/thumb/v7e-m+fp/hard\libc_nano.a(libc_a-findfp.o) (__sread)
C:/ST/STM32CubeIDE_1.16.0/STM32CubeIDE/plugins/com.st.stm32cube.ide.mcu.externaltools.gnu-tools-for-stm32.12.3.rel1.win32_1.0.200.202406191623/tools/bin/../lib/gcc/arm-none-eabi/12.3.1/../../../../arm-none-eabi/lib/thumb/v7e-m+fp/hard\libc_nano.a(libc_a-memset.o)
                              C:/ST/STM32CubeIDE_1.16.0/STM32CubeIDE/plugins/com.st.stm32cube.ide.mcu.externaltools.gnu-tools-for-stm32.12.3.rel1.win32_1.0.200.202406191623/tools/bin/../lib/gcc/arm-none-eabi/12.3.1/../../../../arm-none-eabi/lib/thumb/v7e-m+fp/hard/crt0.o (memset)
C:/ST/STM32CubeIDE_1.16.0/STM32CubeIDE/plugins/com.st.stm32cube.ide.mcu.externaltools.gnu-tools-for-stm32.12.3.rel1.win32_1.0.200.202406191623/tools/bin/../lib/gcc/arm-none-eabi/12.3.1/../../../../arm-none-eabi/lib/thumb/v7e-m+fp/hard\libc_nano.a(libc_a-closer.o)
                              C:/ST/STM32CubeIDE_1.16.0/STM32CubeIDE/plugins/com.st.stm32cube.ide.mcu.externaltools.gnu-tools-for-stm32.12.3.rel1.win32_1.0.200.202406191623/tools/bin/../lib/gcc/arm-none-eabi/12.3.1/../../../../arm-none-eabi/lib/thumb/v7e-m+fp/hard\libc_nano.a(libc_a-stdio.o) (_close_r)
C:/ST/STM32CubeIDE_1.16.0/STM32CubeIDE/plugins/com.st.stm32cube.ide.mcu.externaltools.gnu-tools-for-stm32.12.3.rel1.win32_1.0.200.202406191623/tools/bin/../lib/gcc/arm-none-eabi/12.3.1/../../../../arm-none-eabi/lib/thumb/v7e-m+fp/hard\libc_nano.a(libc_a-reent.o)
                              ./Middlewares/Third_Party/FreeRTOS/Source/tasks.o (_reclaim_reent)
C:/ST/STM32CubeIDE_1.16.0/STM32CubeIDE/plugins/com.st.stm32cube.ide.mcu.externaltools.gnu-tools-for-stm32.12.3.rel1.win32_1.0.200.202406191623/tools/bin/../lib/gcc/arm-none-eabi/12.3.1/../../../../arm-none-eabi/lib/thumb/v7e-m+fp/hard\libc_nano.a(libc_a-impure.o)
                              ./Middlewares/Third_Party/FreeRTOS/Source/tasks.o (_impure_ptr)
C:/ST/STM32CubeIDE_1.16.0/STM32CubeIDE/plugins/com.st.stm32cube.ide.mcu.externaltools.gnu-tools-for-stm32.12.3.rel1.win32_1.0.200.202406191623/tools/bin/../lib/gcc/arm-none-eabi/12.3.1/../../../../arm-none-eabi/lib/thumb/v7e-m+fp/hard\libc_nano.a(libc_a-lseekr.o)
[...]
Memory Configuration

Name             Origin             Length             Attributes
CCMRAM           0x10000000         0x00010000         xrw
RAM              0x20000000         0x00030000         xrw
FLASH            0x08000000         0x00200000         xr
*default*        0x00000000         0xffffffff

Linker script and memory map

LOAD C:/ST/STM32CubeIDE_1.16.0/STM32CubeIDE/plugins/com.st.stm32cube.ide.mcu.externaltools.gnu-tools-for-stm32.12.3.rel1.win32_1.0.200.202406191623/tools/bin/../lib/gcc/arm-none-eabi/12.3.1/thumb/v7e-m+fp/hard/crti.o
LOAD C:/ST/STM32CubeIDE_1.16.0/STM32CubeIDE/plugins/com.st.stm32cube.ide.mcu.externaltools.gnu-tools-for-stm32.12.3.rel1.win32_1.0.200.202406191623/tools/bin/../lib/gcc/arm-none-eabi/12.3.1/thumb/v7e-m+fp/hard/crtbegin.o
LOAD C:/ST/STM32CubeIDE_1.16.0/STM32CubeIDE/plugins/com.st.stm32cube.ide.mcu.externaltools.gnu-tools-for-stm32.12.3.rel1.win32_1.0.200.202406191623/tools/bin/../lib/gcc/arm-none-eabi/12.3.1/../../../../arm-none-eabi/lib/thumb/v7e-m+fp/hard/crt0.o
LOAD ./Core/Src/freertos.o
LOAD ./Core/Src/gpio.o
LOAD ./Core/Src/main.o
LOAD ./Core/Src/stm32f4xx_hal_msp.o
LOAD ./Core/Src/stm32f4xx_hal_timebase_tim.o
LOAD ./Core/Src/stm32f4xx_it.o
LOAD ./Core/Src/syscalls.o
LOAD ./Core/Src/sysmem.o
LOAD ./Core/Src/system_stm32f4xx.o
LOAD ./Core/Startup/startup_stm32f429bitx.o
LOAD ./Drivers/STM32F4xx_HAL_Driver/Src/stm32f4xx_hal.o
LOAD ./Drivers/STM32F4xx_HAL_Driver/Src/stm32f4xx_hal_cortex.o
LOAD ./Drivers/STM32F4xx_HAL_Driver/Src/stm32f4xx_hal_dma.o
LOAD ./Drivers/STM32F4xx_HAL_Driver/Src/stm32f4xx_hal_dma_ex.o
LOAD ./Drivers/STM32F4xx_HAL_Driver/Src/stm32f4xx_hal_exti.o
LOAD ./Drivers/STM32F4xx_HAL_Driver/Src/stm32f4xx_hal_flash.o
LOAD ./Drivers/STM32F4xx_HAL_Driver/Src/stm32f4xx_hal_flash_ex.o
LOAD ./Drivers/STM32F4xx_HAL_Driver/Src/stm32f4xx_hal_flash_ramfunc.o
LOAD ./Drivers/STM32F4xx_HAL_Driver/Src/stm32f4xx_hal_gpio.o
LOAD ./Drivers/STM32F4xx_HAL_Driver/Src/stm32f4xx_hal_pcd.o
LOAD ./Drivers/STM32F4xx_HAL_Driver/Src/stm32f4xx_hal_pcd_ex.o
LOAD ./Drivers/STM32F4xx_HAL_Driver/Src/stm32f4xx_hal_pwr.o
LOAD ./Drivers/STM32F4xx_HAL_Driver/Src/stm32f4xx_hal_pwr_ex.o
LOAD ./Drivers/STM32F4xx_HAL_Driver/Src/stm32f4xx_hal_rcc.o
LOAD ./Drivers/STM32F4xx_HAL_Driver/Src/stm32f4xx_hal_rcc_ex.o
LOAD ./Drivers/STM32F4xx_HAL_Driver/Src/stm32f4xx_hal_tim.o
LOAD ./Drivers/STM32F4xx_HAL_Driver/Src/stm32f4xx_hal_tim_ex.o
LOAD ./Drivers/STM32F4xx_HAL_Driver/Src/stm32f4xx_ll_usb.o
LOAD ./Middlewares/ST/STM32_USB_Device_Library/Class/CDC/Src/usbd_cdc.o
LOAD ./Middlewares/ST/STM32_USB_Device_Library/Core/Src/usbd_core.o
LOAD ./Middlewares/ST/STM32_USB_Device_Library/Core/Src/usbd_ctlreq.o
LOAD ./Middlewares/ST/STM32_USB_Device_Library/Core/Src/usbd_ioreq.o
LOAD ./Middlewares/Third_Party/FreeRTOS/Source/CMSIS_RTOS_V2/cmsis_os2.o
LOAD ./Middlewares/Third_Party/FreeRTOS/Source/croutine.o
LOAD ./Middlewares/Third_Party/FreeRTOS/Source/event_groups.o
LOAD ./Middlewares/Third_Party/FreeRTOS/Source/list.o
LOAD ./Middlewares/Third_Party/FreeRTOS/Source/queue.o
LOAD ./Middlewares/Third_Party/FreeRTOS/Source/stream_buffer.o
LOAD ./Middlewares/Third_Party/FreeRTOS/Source/tasks.o
LOAD ./Middlewares/Third_Party/FreeRTOS/Source/timers.o
LOAD ./Middlewares/Third_Party/FreeRTOS/Source/portable/GCC/ARM_CM4F/port.o
LOAD ./Middlewares/Third_Party/FreeRTOS/Source/portable/MemMang/heap_4.o
LOAD ./USB_DEVICE/App/usb_device.o
LOAD ./USB_DEVICE/App/usbd_cdc_if.o
LOAD ./USB_DEVICE/App/usbd_desc.o
LOAD ./USB_DEVICE/Target/usbd_conf.o
START GROUP
LOAD C:/ST/STM32CubeIDE_1.16.0/STM32CubeIDE/plugins/com.st.stm32cube.ide.mcu.externaltools.gnu-tools-for-stm32.12.3.rel1.win32_1.0.200.202406191623/tools/bin/../lib/gcc/arm-none-eabi/12.3.1/../../../../arm-none-eabi/lib/thumb/v7e-m+fp/hard\libstdc++_nano.a
LOAD C:/ST/STM32CubeIDE_1.16.0/STM32CubeIDE/plugins/com.st.stm32cube.ide.mcu.externaltools.gnu-tools-for-stm32.12.3.rel1.win32_1.0.200.202406191623/tools/bin/../lib/gcc/arm-none-eabi/12.3.1/../../../../arm-none-eabi/lib/thumb/v7e-m+fp/hard\libsupc++_nano.a
END GROUP
LOAD C:/ST/STM32CubeIDE_1.16.0/STM32CubeIDE/plugins/com.st.stm32cube.ide.mcu.externaltools.gnu-tools-for-stm32.12.3.rel1.win32_1.0.200.202406191623/tools/bin/../lib/gcc/arm-none-eabi/12.3.1/../../../../arm-none-eabi/lib/thumb/v7e-m+fp/hard\libstdc++_nano.a
LOAD C:/ST/STM32CubeIDE_1.16.0/STM32CubeIDE/plugins/com.st.stm32cube.ide.mcu.externaltools.gnu-tools-for-stm32.12.3.rel1.win32_1.0.200.202406191623/tools/bin/../lib/gcc/arm-none-eabi/12.3.1/../../../../arm-none-eabi/lib/thumb/v7e-m+fp/hard\libm.a
LOAD C:/ST/STM32CubeIDE_1.16.0/STM32CubeIDE/plugins/com.st.stm32cube.ide.mcu.externaltools.gnu-tools-for-stm32.12.3.rel1.win32_1.0.200.202406191623/tools/bin/../lib/gcc/arm-none-eabi/12.3.1/../../../../arm-none-eabi/lib/thumb/v7e-m+fp/hard\libc_nano.a
START GROUP
LOAD C:/ST/STM32CubeIDE_1.16.0/STM32CubeIDE/plugins/com.st.stm32cube.ide.mcu.externaltools.gnu-tools-for-stm32.12.3.rel1.win32_1.0.200.202406191623/tools/bin/../lib/gcc/arm-none-eabi/12.3.1/thumb/v7e-m+fp/hard\libgcc.a
LOAD C:/ST/STM32CubeIDE_1.16.0/STM32CubeIDE/plugins/com.st.stm32cube.ide.mcu.externaltools.gnu-tools-for-stm32.12.3.rel1.win32_1.0.200.202406191623/tools/bin/../lib/gcc/arm-none-eabi/12.3.1/../../../../arm-none-eabi/lib/thumb/v7e-m+fp/hard\libc_nano.a
END GROUP
START GROUP
LOAD C:/ST/STM32CubeIDE_1.16.0/STM32CubeIDE/plugins/com.st.stm32cube.ide.mcu.externaltools.gnu-tools-for-stm32.12.3.rel1.win32_1.0.200.202406191623/tools/bin/../lib/gcc/arm-none-eabi/12.3.1/thumb/v7e-m+fp/hard\libgcc.a
LOAD C:/ST/STM32CubeIDE_1.16.0/STM32CubeIDE/plugins/com.st.stm32cube.ide.mcu.externaltools.gnu-tools-for-stm32.12.3.rel1.win32_1.0.200.202406191623/tools/bin/../lib/gcc/arm-none-eabi/12.3.1/../../../../arm-none-eabi/lib/thumb/v7e-m+fp/hard\libc_nano.a
LOAD C:/ST/STM32CubeIDE_1.16.0/STM32CubeIDE/plugins/com.st.stm32cube.ide.mcu.externaltools.gnu-tools-for-stm32.12.3.rel1.win32_1.0.200.202406191623/tools/bin/../lib/gcc/arm-none-eabi/12.3.1/../../../../arm-none-eabi/lib/thumb/v7e-m+fp/hard\libnosys.a
END GROUP
START GROUP
LOAD C:/ST/STM32CubeIDE_1.16.0/STM32CubeIDE/plugins/com.st.stm32cube.ide.mcu.externaltools.gnu-tools-for-stm32.12.3.rel1.win32_1.0.200.202406191623/tools/bin/../lib/gcc/arm-none-eabi/12.3.1/thumb/v7e-m+fp/hard\libgcc.a
LOAD C:/ST/STM32CubeIDE_1.16.0/STM32CubeIDE/plugins/com.st.stm32cube.ide.mcu.externaltools.gnu-tools-for-stm32.12.3.rel1.win32_1.0.200.202406191623/tools/bin/../lib/gcc/arm-none-eabi/12.3.1/../../../../arm-none-eabi/lib/thumb/v7e-m+fp/hard\libc_nano.a
LOAD C:/ST/STM32CubeIDE_1.16.0/STM32CubeIDE/plugins/com.st.stm32cube.ide.mcu.externaltools.gnu-tools-for-stm32.12.3.rel1.win32_1.0.200.202406191623/tools/bin/../lib/gcc/arm-none-eabi/12.3.1/../../../../arm-none-eabi/lib/thumb/v7e-m+fp/hard\libnosys.a
END GROUP
LOAD C:/ST/STM32CubeIDE_1.16.0/STM32CubeIDE/plugins/com.st.stm32cube.ide.mcu.externaltools.gnu-tools-for-stm32.12.3.rel1.win32_1.0.200.202406191623/tools/bin/../lib/gcc/arm-none-eabi/12.3.1/thumb/v7e-m+fp/hard/crtend.o
LOAD C:/ST/STM32CubeIDE_1.16.0/STM32CubeIDE/plugins/com.st.stm32cube.ide.mcu.externaltools.gnu-tools-for-stm32.12.3.rel1.win32_1.0.200.202406191623/tools/bin/../lib/gcc/arm-none-eabi/12.3.1/thumb/v7e-m+fp/hard/crtn.o
                0x20030000                        _estack = (ORIGIN (RAM) + LENGTH (RAM))
                0x00002000                        _Min_Heap_Size = 0x2000
                0x00004000                        _Min_Stack_Size = 0x4000

.isr_vector     0x08000000      0x1ac
                0x08000000                        . = ALIGN (0x4)
 *(.isr_vector)
 .isr_vector    0x08000000      0x1ac ./Core/Startup/startup_stm32f429bitx.o
                0x08000000                g_pfnVectors
                0x080001ac                        . = ALIGN (0x4)

.text           0x080001b0     0x68e0
                0x080001b0                        . = ALIGN (0x4)
 *(.text)
 .text          0x080001b0       0x40 C:/ST/STM32CubeIDE_1.16.0/STM32CubeIDE/plugins/com.st.stm32cube.ide.mcu.externaltools.gnu-tools-for-stm32.12.3.rel1.win32_1.0.200.202406191623/tools/bin/../lib/gcc/arm-none-eabi/12.3.1/thumb/v7e-m+fp/hard/crtbegin.o
 .text          0x080001f0       0x10 C:/ST/STM32CubeIDE_1.16.0/STM32CubeIDE/plugins/com.st.stm32cube.ide.mcu.externaltools.gnu-tools-for-stm32.12.3.rel1.win32_1.0.200.202406191623/tools/bin/../lib/gcc/arm-none-eabi/12.3.1/../../../../arm-none-eabi/lib/thumb/v7e-m+fp/hard\libc_nano.a(libc_a-strlen.o)
                0x080001f0                strlen
 .text          0x08000200       0xa0 C:/ST/STM32CubeIDE_1.16.0/STM32CubeIDE/plugins/com.st.stm32cube.ide.mcu.externaltools.gnu-tools-for-stm32.12.3.rel1.win32_1.0.200.202406191623/tools/bin/../lib/gcc/arm-none-eabi/12.3.1/../../../../arm-none-eabi/lib/thumb/v7e-m+fp/hard\libc_nano.a(libc_a-memchr.o)
                0x08000200                memchr
 .text          0x080002a0       0x30 C:/ST/STM32CubeIDE_1.16.0/STM32CubeIDE/plugins/com.st.stm32cube.ide.mcu.externaltools.gnu-tools-for-stm32.12.3.rel1.win32_1.0.200.202406191623/tools/bin/../lib/gcc/arm-none-eabi/12.3.1/thumb/v7e-m+fp/hard\libgcc.a(_aeabi_uldivmod.o)
                0x080002a0                __aeabi_uldivmod
 .text          0x080002d0      0x2bc C:/ST/STM32CubeIDE_1.16.0/STM32CubeIDE/plugins/com.st.stm32cube.ide.mcu.externaltools.gnu-tools-for-stm32.12.3.rel1.win32_1.0.200.202406191623/tools/bin/../lib/gcc/arm-none-eabi/12.3.1/thumb/v7e-m+fp/hard\libgcc.a(_udivmoddi4.o)
                0x080002d0                __udivmoddi4
 .text          0x0800058c        0x4 C:/ST/STM32CubeIDE_1.16.0/STM32CubeIDE/plugins/com.st.stm32cube.ide.mcu.externaltools.gnu-tools-for-stm32.12.3.rel1.win32_1.0.200.202406191623/tools/bin/../lib/gcc/arm-none-eabi/12.3.1/thumb/v7e-m+fp/hard\libgcc.a(_dvmd_tls.o)
                0x0800058c                __aeabi_idiv0
                0x0800058c                __aeabi_ldiv0
 *(.text*)
 .text.StartDefaultTask
                0x08000590       0x10 ./Core/Src/freertos.o
                0x08000590                StartDefaultTask
 .text.vApplicationTickHook
                0x080005a0        0x4 ./Core/Src/freertos.o
                0x080005a0                vApplicationTickHook
 .text.MX_FREERTOS_Init
                0x080005a4       0x20 ./Core/Src/freertos.o
                0x080005a4                MX_FREERTOS_Init
 .text.MX_GPIO_Init
                0x080005c4       0x38 ./Core/Src/gpio.o
                0x080005c4                MX_GPIO_Init
 .text.SystemClock_Config
                0x080005fc       0xac ./Core/Src/main.o
                0x080005fc                SystemClock_Config
 .text.startup.main
                0x080006a8       0x1c ./Core/Src/main.o
                0x080006a8                main
 .text.HAL_TIM_PeriodElapsedCallback
                0x080006c4       0x14 ./Core/Src/main.o
                0x080006c4                HAL_TIM_PeriodElapsedCallback
 .text.Error_Handler
                0x080006d8        0x4 ./Core/Src/main.o
                0x080006d8                Error_Handler
 .text.HAL_MspInit
                0x080006dc       0x40 ./Core/Src/stm32f4xx_hal_msp.o
                0x080006dc                HAL_MspInit
 .text.HAL_InitTick
                0x0800071c       0xa8 ./Core/Src/stm32f4xx_hal_timebase_tim.o
                0x0800071c                HAL_InitTick
 .text.NMI_Handler
                0x080007c4        0x8 ./Core/Src/stm32f4xx_it.o
                0x080007c4                NMI_Handler
 .text.HardFault_Handler
                0x080007cc        0x4 ./Core/Src/stm32f4xx_it.o
                0x080007cc                HardFault_Handler
 .text.MemManage_Handler
                0x080007d0        0x4 ./Core/Src/stm32f4xx_it.o
                0x080007d0                MemManage_Handler
 .text.BusFault_Handler
                0x080007d4        0x4 ./Core/Src/stm32f4xx_it.o
                0x080007d4                BusFault_Handler
 .text.UsageFault_Handler
                0x080007d8        0x4 ./Core/Src/stm32f4xx_it.o
                0x080007d8                UsageFault_Handler
 .text.DebugMon_Handler
                0x080007dc        0x4 ./Core/Src/stm32f4xx_it.o
                0x080007dc                DebugMon_Handler
 .text.TIM3_IRQHandler
                0x080007e0        0xc ./Core/Src/stm32f4xx_it.o
                0x080007e0                TIM3_IRQHandler
 .text.OTG_HS_EP1_OUT_IRQHandler
                0x080007ec        0xc ./Core/Src/stm32f4xx_it.o
                0x080007ec                OTG_HS_EP1_OUT_IRQHandler
 .text.OTG_HS_EP1_IN_IRQHandler
                0x080007f8        0xc ./Core/Src/stm32f4xx_it.o
                0x080007f8                OTG_HS_EP1_IN_IRQHandler
 .text.OTG_HS_IRQHandler
                0x08000804        0xc ./Core/Src/stm32f4xx_it.o
                0x08000804                OTG_HS_IRQHandler
 .text._read    0x08000810       0x1c ./Core/Src/syscalls.o
                0x08000810                _read
 .text._write   0x0800082c       0x1c ./Core/Src/syscalls.o
                0x0800082c                _write
 .text._close   0x08000848        0x8 ./Core/Src/syscalls.o
                0x08000848                _close
 .text._fstat   0x08000850        0xc ./Core/Src/syscalls.o
                0x08000850                _fstat
 .text._isatty  0x0800085c        0x4 ./Core/Src/syscalls.o
                0x0800085c                _isatty
 .text._lseek   0x08000860        0x4 ./Core/Src/syscalls.o
                0x08000860                _lseek
 .text._sbrk    0x08000864       0x44 ./Core/Src/sysmem.o
                0x08000864                _sbrk
 .text.SystemInit
                0x080008a8       0x14 ./Core/Src/system_stm32f4xx.o
                0x080008a8                SystemInit
 .text.Reset_Handler
                0x080008bc       0x50 ./Core/Startup/startup_stm32f429bitx.o
                0x080008bc                Reset_Handler
 .text.Default_Handler
                0x0800090c        0x2 ./Core/Startup/startup_stm32f429bitx.o
                0x0800090c                RTC_Alarm_IRQHandler
                0x0800090c                HASH_RNG_IRQHandler
                0x0800090c                EXTI2_IRQHandler
                0x0800090c                TIM8_CC_IRQHandler
                0x0800090c                UART8_IRQHandler
                0x0800090c                SPI4_IRQHandler
                0x0800090c                TIM1_CC_IRQHandler
                0x0800090c                DMA2_Stream5_IRQHandler
                0x0800090c                DMA1_Stream5_IRQHandler
                0x0800090c                PVD_IRQHandler
                0x0800090c                SDIO_IRQHandler
                0x0800090c                TAMP_STAMP_IRQHandler
                0x0800090c                CAN2_RX1_IRQHandler
                0x0800090c                EXTI3_IRQHandler
                0x0800090c                TIM8_TRG_COM_TIM14_IRQHandler
                0x0800090c                TIM1_UP_TIM10_IRQHandler
                0x0800090c                TIM8_UP_TIM13_IRQHandler
                0x0800090c                I2C3_ER_IRQHandler
                0x0800090c                EXTI0_IRQHandler
                0x0800090c                I2C2_EV_IRQHandler
                0x0800090c                DMA1_Stream2_IRQHandler
                0x0800090c                CAN1_RX0_IRQHandler
                0x0800090c                FPU_IRQHandler
                0x0800090c                OTG_HS_WKUP_IRQHandler
                0x0800090c                LTDC_ER_IRQHandler
                0x0800090c                CAN2_SCE_IRQHandler
                0x0800090c                DMA2_Stream2_IRQHandler
                0x0800090c                SPI1_IRQHandler
                0x0800090c                TIM6_DAC_IRQHandler
                0x0800090c                TIM1_BRK_TIM9_IRQHandler
                0x0800090c                DCMI_IRQHandler
                0x0800090c                CAN2_RX0_IRQHandler
                0x0800090c                DMA2_Stream3_IRQHandler
                0x0800090c                USART6_IRQHandler
                0x0800090c                USART3_IRQHandler
                0x0800090c                CAN1_RX1_IRQHandler
                0x0800090c                UART5_IRQHandler
                0x0800090c                DMA2_Stream0_IRQHandler
                0x0800090c                TIM4_IRQHandler
                0x0800090c                I2C1_EV_IRQHandler
                0x0800090c                DMA1_Stream6_IRQHandler
                0x0800090c                DMA1_Stream1_IRQHandler
                0x0800090c                UART4_IRQHandler
                0x0800090c                RCC_IRQHandler
                0x0800090c                TIM8_BRK_TIM12_IRQHandler
                0x0800090c                Default_Handler
                0x0800090c                EXTI15_10_IRQHandler
                0x0800090c                ADC_IRQHandler
                0x0800090c                DMA1_Stream7_IRQHandler
                0x0800090c                SPI5_IRQHandler
                0x0800090c                TIM7_IRQHandler
                0x0800090c                CAN2_TX_IRQHandler
                0x0800090c                TIM5_IRQHandler
                0x0800090c                DMA2_Stream7_IRQHandler
                0x0800090c                I2C3_EV_IRQHandler
                0x0800090c                EXTI9_5_IRQHandler
                0x0800090c                RTC_WKUP_IRQHandler
                0x0800090c                LTDC_IRQHandler
                0x0800090c                ETH_WKUP_IRQHandler
                0x0800090c                SPI2_IRQHandler
                0x0800090c                DMA1_Stream0_IRQHandler
                0x0800090c                CAN1_TX_IRQHandler
                0x0800090c                EXTI4_IRQHandler
                0x0800090c                ETH_IRQHandler
                0x0800090c                WWDG_IRQHandler
                0x0800090c                SPI6_IRQHandler
                0x0800090c                TIM2_IRQHandler
                0x0800090c                OTG_FS_WKUP_IRQHandler
                0x0800090c                TIM1_TRG_COM_TIM11_IRQHandler
                0x0800090c                DMA2D_IRQHandler
                0x0800090c                EXTI1_IRQHandler
                0x0800090c                UART7_IRQHandler
                0x0800090c                USART2_IRQHandler
                0x0800090c                I2C2_ER_IRQHandler
                0x0800090c                DMA2_Stream1_IRQHandler
                0x0800090c                CAN1_SCE_IRQHandler
                0x0800090c                FLASH_IRQHandler
                0x0800090c                DMA2_Stream4_IRQHandler
                0x0800090c                USART1_IRQHandler
                0x0800090c                OTG_FS_IRQHandler
                0x0800090c                SPI3_IRQHandler
                0x0800090c                DMA1_Stream4_IRQHandler
                0x0800090c                I2C1_ER_IRQHandler
                0x0800090c                FMC_IRQHandler
                0x0800090c                DMA2_Stream6_IRQHandler
                0x0800090c                SAI1_IRQHandler
                0x0800090c                DMA1_Stream3_IRQHandler
 *fill*         0x0800090e        0x2 
 .text.HAL_Init
                0x08000910       0x34 ./Drivers/STM32F4xx_HAL_Driver/Src/stm32f4xx_hal.o
                0x08000910                HAL_Init
 .text.HAL_IncTick
                0x08000944       0x18 ./Drivers/STM32F4xx_HAL_Driver/Src/stm32f4xx_hal.o
                0x08000944                HAL_IncTick
 .text.HAL_GetTick
                0x0800095c        0xc ./Drivers/STM32F4xx_HAL_Driver/Src/stm32f4xx_hal.o
                0x0800095c                HAL_GetTick
 .text.HAL_Delay
                0x08000968       0x24 ./Drivers/STM32F4xx_HAL_Driver/Src/stm32f4xx_hal.o
                0x08000968                HAL_Delay
 .text.HAL_NVIC_SetPriorityGrouping
                0x0800098c       0x24 ./Drivers/STM32F4xx_HAL_Driver/Src/stm32f4xx_hal_cortex.o
                0x0800098c                HAL_NVIC_SetPriorityGrouping
 .text.HAL_NVIC_SetPriority
                0x080009b0       0x78 ./Drivers/STM32F4xx_HAL_Driver/Src/stm32f4xx_hal_cortex.o
                0x080009b0                HAL_NVIC_SetPriority
 .text.HAL_NVIC_EnableIRQ
                0x08000a28       0x1c ./Drivers/STM32F4xx_HAL_Driver/Src/stm32f4xx_hal_cortex.o
                0x08000a28                HAL_NVIC_EnableIRQ
 .text.HAL_GPIO_Init
                0x08000a44      0x270 ./Drivers/STM32F4xx_HAL_Driver/Src/stm32f4xx_hal_gpio.o
                0x08000a44                HAL_GPIO_Init
 .text.HAL_PCD_Init
                0x08000cb4       0xd8 ./Drivers/STM32F4xx_HAL_Driver/Src/stm32f4xx_hal_pcd.o
                0x08000cb4                HAL_PCD_Init
 .text.HAL_PCD_Start
                0x08000d8c       0x40 ./Drivers/STM32F4xx_HAL_Driver/Src/stm32f4xx_hal_pcd.o
                0x08000d8c                HAL_PCD_Start
 .text.HAL_PCD_IRQHandler
                0x08000dcc      0x730 ./Drivers/STM32F4xx_HAL_Driver/Src/stm32f4xx_hal_pcd.o
                0x08000dcc                HAL_PCD_IRQHandler
 .text.HAL_PCD_SetAddress
                0x080014fc       0x28 ./Drivers/STM32F4xx_HAL_Driver/Src/stm32f4xx_hal_pcd.o
                0x080014fc                HAL_PCD_SetAddress
 .text.HAL_PCD_EP_Open
                0x08001524       0x80 ./Drivers/STM32F4xx_HAL_Driver/Src/stm32f4xx_hal_pcd.o
                0x08001524                HAL_PCD_EP_Open
 .text.HAL_PCD_EP_Close
                0x080015a4       0x68 ./Drivers/STM32F4xx_HAL_Driver/Src/stm32f4xx_hal_pcd.o
                0x080015a4                HAL_PCD_EP_Close
 .text.HAL_PCD_EP_Receive
                0x0800160c       0x44 ./Drivers/STM32F4xx_HAL_Driver/Src/stm32f4xx_hal_pcd.o
                0x0800160c                HAL_PCD_EP_Receive
 .text.HAL_PCD_EP_GetRxCount
                0x08001650       0x14 ./Drivers/STM32F4xx_HAL_Driver/Src/stm32f4xx_hal_pcd.o
                0x08001650                HAL_PCD_EP_GetRxCount
 .text.HAL_PCD_EP_Transmit
                0x08001664       0x48 ./Drivers/STM32F4xx_HAL_Driver/Src/stm32f4xx_hal_pcd.o
                0x08001664                HAL_PCD_EP_Transmit
 .text.HAL_PCD_EP_SetStall
                0x080016ac       0x84 ./Drivers/STM32F4xx_HAL_Driver/Src/stm32f4xx_hal_pcd.o
                0x080016ac                HAL_PCD_EP_SetStall
 .text.HAL_PCD_EP_ClrStall
                0x08001730       0x70 ./Drivers/STM32F4xx_HAL_Driver/Src/stm32f4xx_hal_pcd.o
                0x08001730                HAL_PCD_EP_ClrStall
 .text.HAL_PCDEx_SetTxFiFo
                0x080017a0       0x4c ./Drivers/STM32F4xx_HAL_Driver/Src/stm32f4xx_hal_pcd_ex.o
                0x080017a0                HAL_PCDEx_SetTxFiFo
 .text.HAL_PCDEx_SetRxFiFo
                0x080017ec        0x8 ./Drivers/STM32F4xx_HAL_Driver/Src/stm32f4xx_hal_pcd_ex.o
                0x080017ec                HAL_PCDEx_SetRxFiFo
 .text.HAL_PCDEx_LPM_Callback
                0x080017f4        0x4 ./Drivers/STM32F4xx_HAL_Driver/Src/stm32f4xx_hal_pcd_ex.o
                0x080017f4                HAL_PCDEx_LPM_Callback
 .text.HAL_RCC_OscConfig
                0x080017f8      0x3c4 ./Drivers/STM32F4xx_HAL_Driver/Src/stm32f4xx_hal_rcc.o
                0x080017f8                HAL_RCC_OscConfig
 .text.HAL_RCC_EnableCSS
                0x08001bbc        0xc ./Drivers/STM32F4xx_HAL_Driver/Src/stm32f4xx_hal_rcc.o
                0x08001bbc                HAL_RCC_EnableCSS
 .text.HAL_RCC_GetSysClockFreq
                0x08001bc8       0x68 ./Drivers/STM32F4xx_HAL_Driver/Src/stm32f4xx_hal_rcc.o
                0x08001bc8                HAL_RCC_GetSysClockFreq
 .text.HAL_RCC_ClockConfig
                0x08001c30      0x13c ./Drivers/STM32F4xx_HAL_Driver/Src/stm32f4xx_hal_rcc.o
                0x08001c30                HAL_RCC_ClockConfig
 .text.HAL_RCC_GetHCLKFreq
                0x08001d6c        0xc ./Drivers/STM32F4xx_HAL_Driver/Src/stm32f4xx_hal_rcc.o
                0x08001d6c                HAL_RCC_GetHCLKFreq
 .text.HAL_RCC_GetPCLK1Freq
                0x08001d78       0x20 ./Drivers/STM32F4xx_HAL_Driver/Src/stm32f4xx_hal_rcc.o
                0x08001d78                HAL_RCC_GetPCLK1Freq
 .text.HAL_RCC_GetClockConfig
                0x08001d98       0x44 ./Drivers/STM32F4xx_HAL_Driver/Src/stm32f4xx_hal_rcc.o
                0x08001d98                HAL_RCC_GetClockConfig
 .text.HAL_RCC_CSSCallback
                0x08001ddc        0x4 ./Drivers/STM32F4xx_HAL_Driver/Src/stm32f4xx_hal_rcc.o
                0x08001ddc                HAL_RCC_CSSCallback
 .text.HAL_RCC_NMI_IRQHandler
                0x08001de0       0x1c ./Drivers/STM32F4xx_HAL_Driver/Src/stm32f4xx_hal_rcc.o
                0x08001de0                HAL_RCC_NMI_IRQHandler
 .text.HAL_TIM_Base_MspInit
                0x08001dfc        0x4 ./Drivers/STM32F4xx_HAL_Driver/Src/stm32f4xx_hal_tim.o
                0x08001dfc                HAL_TIM_Base_MspInit
 .text.HAL_TIM_Base_Start_IT
                0x08001e00       0x74 ./Drivers/STM32F4xx_HAL_Driver/Src/stm32f4xx_hal_tim.o
                0x08001e00                HAL_TIM_Base_Start_IT
 .text.HAL_TIM_OC_DelayElapsedCallback
                0x08001e74        0x4 ./Drivers/STM32F4xx_HAL_Driver/Src/stm32f4xx_hal_tim.o
                0x08001e74                HAL_TIM_OC_DelayElapsedCallback
 .text.HAL_TIM_IC_CaptureCallback
                0x08001e78        0x4 ./Drivers/STM32F4xx_HAL_Driver/Src/stm32f4xx_hal_tim.o
                0x08001e78                HAL_TIM_IC_CaptureCallback
 .text.HAL_TIM_PWM_PulseFinishedCallback
                0x08001e7c        0x4 ./Drivers/STM32F4xx_HAL_Driver/Src/stm32f4xx_hal_tim.o
                0x08001e7c                HAL_TIM_PWM_PulseFinishedCallback
 .text.HAL_TIM_TriggerCallback
                0x08001e80        0x4 ./Drivers/STM32F4xx_HAL_Driver/Src/stm32f4xx_hal_tim.o
                0x08001e80                HAL_TIM_TriggerCallback
 .text.HAL_TIM_IRQHandler
                0x08001e84      0x138 ./Drivers/STM32F4xx_HAL_Driver/Src/stm32f4xx_hal_tim.o
                0x08001e84                HAL_TIM_IRQHandler
 .text.TIM_Base_SetConfig
                0x08001fbc       0xdc ./Drivers/STM32F4xx_HAL_Driver/Src/stm32f4xx_hal_tim.o
                0x08001fbc                TIM_Base_SetConfig
 .text.HAL_TIM_Base_Init
                0x08002098       0x5c ./Drivers/STM32F4xx_HAL_Driver/Src/stm32f4xx_hal_tim.o
                0x08002098                HAL_TIM_Base_Init
 .text.HAL_TIMEx_CommutCallback
                0x080020f4        0x4 ./Drivers/STM32F4xx_HAL_Driver/Src/stm32f4xx_hal_tim_ex.o
                0x080020f4                HAL_TIMEx_CommutCallback
 .text.HAL_TIMEx_BreakCallback
                0x080020f8        0x4 ./Drivers/STM32F4xx_HAL_Driver/Src/stm32f4xx_hal_tim_ex.o
                0x080020f8                HAL_TIMEx_BreakCallback
 .text.USB_CoreReset
                0x080020fc       0x50 ./Drivers/STM32F4xx_HAL_Driver/Src/stm32f4xx_ll_usb.o
 .text.USB_CoreInit
                0x0800214c       0x90 ./Drivers/STM32F4xx_HAL_Driver/Src/stm32f4xx_ll_usb.o
                0x0800214c                USB_CoreInit
 .text.USB_SetTurnaroundTime
                0x080021dc       0xf4 ./Drivers/STM32F4xx_HAL_Driver/Src/stm32f4xx_ll_usb.o
                0x080021dc                USB_SetTurnaroundTime
 .text.USB_EnableGlobalInt
                0x080022d0       0x10 ./Drivers/STM32F4xx_HAL_Driver/Src/stm32f4xx_ll_usb.o
                0x080022d0                USB_EnableGlobalInt
 .text.USB_DisableGlobalInt
                0x080022e0       0x10 ./Drivers/STM32F4xx_HAL_Driver/Src/stm32f4xx_ll_usb.o
                0x080022e0                USB_DisableGlobalInt
 .text.USB_SetCurrentMode
                0x080022f0       0x70 ./Drivers/STM32F4xx_HAL_Driver/Src/stm32f4xx_ll_usb.o
                0x080022f0                USB_SetCurrentMode
 .text.USB_FlushTxFifo
                0x08002360       0x50 ./Drivers/STM32F4xx_HAL_Driver/Src/stm32f4xx_ll_usb.o
                0x08002360                USB_FlushTxFifo
 .text.USB_FlushRxFifo
                0x080023b0       0x4c ./Drivers/STM32F4xx_HAL_Driver/Src/stm32f4xx_ll_usb.o
                0x080023b0                USB_FlushRxFifo
 .text.USB_DevInit
                0x080023fc      0x1b4 ./Drivers/STM32F4xx_HAL_Driver/Src/stm32f4xx_ll_usb.o
                0x080023fc                USB_DevInit
 .text.USB_GetDevSpeed
                0x080025b0       0x18 ./Drivers/STM32F4xx_HAL_Driver/Src/stm32f4xx_ll_usb.o
                0x080025b0                USB_GetDevSpeed
 .text.USB_ActivateEndpoint
                0x080025c8       0x90 ./Drivers/STM32F4xx_HAL_Driver/Src/stm32f4xx_ll_usb.o
                0x080025c8                USB_ActivateEndpoint
 .text.USB_DeactivateEndpoint
                0x08002658       0xc4 ./Drivers/STM32F4xx_HAL_Driver/Src/stm32f4xx_ll_usb.o
                0x08002658                USB_DeactivateEndpoint
 .text.USB_EPStartXfer
                0x0800271c      0x228 ./Drivers/STM32F4xx_HAL_Driver/Src/stm32f4xx_ll_usb.o
                0x0800271c                USB_EPStartXfer
 .text.USB_EPStopXfer
                0x08002944       0x94 ./Drivers/STM32F4xx_HAL_Driver/Src/stm32f4xx_ll_usb.o
                0x08002944                USB_EPStopXfer
 .text.USB_WritePacket
                0x080029d8       0x2c ./Drivers/STM32F4xx_HAL_Driver/Src/stm32f4xx_ll_usb.o
                0x080029d8                USB_WritePacket
 .text.USB_ReadPacket
                0x08002a04       0x48 ./Drivers/STM32F4xx_HAL_Driver/Src/stm32f4xx_ll_usb.o
                0x08002a04                USB_ReadPacket
 .text.USB_EPSetStall
                0x08002a4c       0x5c ./Drivers/STM32F4xx_HAL_Driver/Src/stm32f4xx_ll_usb.o
                0x08002a4c                USB_EPSetStall
 .text.USB_EPClearStall
                0x08002aa8       0x58 ./Drivers/STM32F4xx_HAL_Driver/Src/stm32f4xx_ll_usb.o
                0x08002aa8                USB_EPClearStall
 .text.USB_SetDevAddress
                0x08002b00       0x20 ./Drivers/STM32F4xx_HAL_Driver/Src/stm32f4xx_ll_usb.o
                0x08002b00                USB_SetDevAddress
 .text.USB_DevConnect
                0x08002b20       0x20 ./Drivers/STM32F4xx_HAL_Driver/Src/stm32f4xx_ll_usb.o
                0x08002b20                USB_DevConnect
 .text.USB_DevDisconnect
                0x08002b40       0x20 ./Drivers/STM32F4xx_HAL_Driver/Src/stm32f4xx_ll_usb.o
                0x08002b40                USB_DevDisconnect
 .text.USB_ReadInterrupts
                0x08002b60        0x8 ./Drivers/STM32F4xx_HAL_Driver/Src/stm32f4xx_ll_usb.o
                0x08002b60                USB_ReadInterrupts
 .text.USB_ReadDevAllOutEpInterrupt
                0x08002b68       0x10 ./Drivers/STM32F4xx_HAL_Driver/Src/stm32f4xx_ll_usb.o
                0x08002b68                USB_ReadDevAllOutEpInterrupt
 .text.USB_ReadDevAllInEpInterrupt
                0x08002b78       0x10 ./Drivers/STM32F4xx_HAL_Driver/Src/stm32f4xx_ll_usb.o
                0x08002b78                USB_ReadDevAllInEpInterrupt
 .text.USB_ReadDevOutEPInterrupt
                0x08002b88       0x14 ./Drivers/STM32F4xx_HAL_Driver/Src/stm32f4xx_ll_usb.o
                0x08002b88                USB_ReadDevOutEPInterrupt
 .text.USB_ReadDevInEPInterrupt
                0x08002b9c       0x20 ./Drivers/STM32F4xx_HAL_Driver/Src/stm32f4xx_ll_usb.o
                0x08002b9c                USB_ReadDevInEPInterrupt
 .text.USB_GetMode
                0x08002bbc        0x8 ./Drivers/STM32F4xx_HAL_Driver/Src/stm32f4xx_ll_usb.o
                0x08002bbc                USB_GetMode
 .text.USB_ActivateSetup
                0x08002bc4       0x24 ./Drivers/STM32F4xx_HAL_Driver/Src/stm32f4xx_ll_usb.o
                0x08002bc4                USB_ActivateSetup
 .text.USB_EP0_OutStart
                0x08002be8       0x50 ./Drivers/STM32F4xx_HAL_Driver/Src/stm32f4xx_ll_usb.o
                0x08002be8                USB_EP0_OutStart
 .text.USBD_CDC_EP0_RxReady
                0x08002c38       0x38 ./Middlewares/ST/STM32_USB_Device_Library/Class/CDC/Src/usbd_cdc.o
 .text.USBD_CDC_GetDeviceQualifierDescriptor
                0x08002c70        0xc ./Middlewares/ST/STM32_USB_Device_Library/Class/CDC/Src/usbd_cdc.o
                0x08002c70                USBD_CDC_GetDeviceQualifierDescriptor
 .text.USBD_CDC_GetFSCfgDesc
                0x08002c7c       0x48 ./Middlewares/ST/STM32_USB_Device_Library/Class/CDC/Src/usbd_cdc.o
 .text.USBD_CDC_GetOtherSpeedCfgDesc
                0x08002cc4        0x4 ./Middlewares/ST/STM32_USB_Device_Library/Class/CDC/Src/usbd_cdc.o
 .text.USBD_CDC_GetHSCfgDesc
                0x08002cc8       0x48 ./Middlewares/ST/STM32_USB_Device_Library/Class/CDC/Src/usbd_cdc.o
 .text.USBD_CDC_DataOut
                0x08002d10       0x38 ./Middlewares/ST/STM32_USB_Device_Library/Class/CDC/Src/usbd_cdc.o
 .text.USBD_CDC_DataIn
                0x08002d48       0x6c ./Middlewares/ST/STM32_USB_Device_Library/Class/CDC/Src/usbd_cdc.o
 .text.USBD_CDC_Setup
                0x08002db4       0xfc ./Middlewares/ST/STM32_USB_Device_Library/Class/CDC/Src/usbd_cdc.o
 .text.USBD_CDC_DeInit
                0x08002eb0       0x5c ./Middlewares/ST/STM32_USB_Device_Library/Class/CDC/Src/usbd_cdc.o
 .text.USBD_CDC_Init
                0x08002f0c       0xd8 ./Middlewares/ST/STM32_USB_Device_Library/Class/CDC/Src/usbd_cdc.o
 .text.USBD_CDC_RegisterInterface
                0x08002fe4       0x18 ./Middlewares/ST/STM32_USB_Device_Library/Class/CDC/Src/usbd_cdc.o
                0x08002fe4                USBD_CDC_RegisterInterface
 .text.USBD_CDC_SetTxBuffer
                0x08002ffc       0x1c ./Middlewares/ST/STM32_USB_Device_Library/Class/CDC/Src/usbd_cdc.o
                0x08002ffc                USBD_CDC_SetTxBuffer
 .text.USBD_CDC_SetRxBuffer
                0x08003018       0x18 ./Middlewares/ST/STM32_USB_Device_Library/Class/CDC/Src/usbd_cdc.o
                0x08003018                USBD_CDC_SetRxBuffer
 .text.USBD_CDC_ReceivePacket
                0x08003030       0x34 ./Middlewares/ST/STM32_USB_Device_Library/Class/CDC/Src/usbd_cdc.o
                0x08003030                USBD_CDC_ReceivePacket
 .text.USBD_Init
                0x08003064       0x48 ./Middlewares/ST/STM32_USB_Device_Library/Core/Src/usbd_core.o
                0x08003064                USBD_Init
 .text.USBD_RegisterClass
                0x080030ac       0x50 ./Middlewares/ST/STM32_USB_Device_Library/Core/Src/usbd_core.o
                0x080030ac                USBD_RegisterClass
 .text.USBD_Start
                0x080030fc        0x4 ./Middlewares/ST/STM32_USB_Device_Library/Core/Src/usbd_core.o
                0x080030fc                USBD_Start
 .text.USBD_SetClassConfig
                0x08003100       0x10 ./Middlewares/ST/STM32_USB_Device_Library/Core/Src/usbd_core.o
                0x08003100                USBD_SetClassConfig
 .text.USBD_ClrClassConfig
                0x08003110       0x14 ./Middlewares/ST/STM32_USB_Device_Library/Core/Src/usbd_core.o
                0x08003110                USBD_ClrClassConfig
 .text.USBD_LL_SetupStage
                0x08003124       0x60 ./Middlewares/ST/STM32_USB_Device_Library/Core/Src/usbd_core.o
                0x08003124                USBD_LL_SetupStage
 .text.USBD_LL_DataOutStage
                0x08003184       0x74 ./Middlewares/ST/STM32_USB_Device_Library/Core/Src/usbd_core.o
                0x08003184                USBD_LL_DataOutStage
 .text.USBD_LL_DataInStage
                0x080031f8       0xb4 ./Middlewares/ST/STM32_USB_Device_Library/Core/Src/usbd_core.o
                0x080031f8                USBD_LL_DataInStage
 .text.USBD_LL_Reset
                0x080032ac       0x5c ./Middlewares/ST/STM32_USB_Device_Library/Core/Src/usbd_core.o
                0x080032ac                USBD_LL_Reset
 .text.USBD_LL_SetSpeed
                0x08003308        0x8 ./Middlewares/ST/STM32_USB_Device_Library/Core/Src/usbd_core.o
                0x08003308                USBD_LL_SetSpeed
 .text.USBD_LL_Suspend
                0x08003310       0x1c ./Middlewares/ST/STM32_USB_Device_Library/Core/Src/usbd_core.o
                0x08003310                USBD_LL_Suspend
 .text.USBD_LL_Resume
                0x0800332c       0x18 ./Middlewares/ST/STM32_USB_Device_Library/Core/Src/usbd_core.o
                0x0800332c                USBD_LL_Resume
 .text.USBD_LL_SOF
                0x08003344       0x20 ./Middlewares/ST/STM32_USB_Device_Library/Core/Src/usbd_core.o
                0x08003344                USBD_LL_SOF
 .text.USBD_LL_IsoINIncomplete
                0x08003364       0x2c ./Middlewares/ST/STM32_USB_Device_Library/Core/Src/usbd_core.o
                0x08003364                USBD_LL_IsoINIncomplete
 .text.USBD_LL_IsoOUTIncomplete
                0x08003390       0x2c ./Middlewares/ST/STM32_USB_Device_Library/Core/Src/usbd_core.o
                0x08003390                USBD_LL_IsoOUTIncomplete
 .text.USBD_LL_DevConnected
                0x080033bc        0x4 ./Middlewares/ST/STM32_USB_Device_Library/Core/Src/usbd_core.o
                0x080033bc                USBD_LL_DevConnected
 .text.USBD_LL_DevDisconnected
                0x080033c0       0x24 ./Middlewares/ST/STM32_USB_Device_Library/Core/Src/usbd_core.o
                0x080033c0                USBD_LL_DevDisconnected
 .text.USBD_CoreFindIF
                0x080033e4        0x4 ./Middlewares/ST/STM32_USB_Device_Library/Core/Src/usbd_core.o
                0x080033e4                USBD_CoreFindIF
 .text.USBD_CoreFindEP
                0x080033e8        0x4 ./Middlewares/ST/STM32_USB_Device_Library/Core/Src/usbd_core.o
                0x080033e8                USBD_CoreFindEP
 .text.USBD_GetEpDesc
                0x080033ec       0x2c ./Middlewares/ST/STM32_USB_Device_Library/Core/Src/usbd_core.o
                0x080033ec                USBD_GetEpDesc
 .text.USBD_StdDevReq
                0x08003418      0x354 ./Middlewares/ST/STM32_USB_Device_Library/Core/Src/usbd_ctlreq.o
                0x08003418                USBD_StdDevReq
 .text.USBD_StdItfReq
                0x0800376c       0x78 ./Middlewares/ST/STM32_USB_Device_Library/Core/Src/usbd_ctlreq.o
                0x0800376c                USBD_StdItfReq
 .text.USBD_StdEPReq
                0x080037e4      0x158 ./Middlewares/ST/STM32_USB_Device_Library/Core/Src/usbd_ctlreq.o
                0x080037e4                USBD_StdEPReq
 .text.USBD_ParseSetupRequest
                0x0800393c       0x18 ./Middlewares/ST/STM32_USB_Device_Library/Core/Src/usbd_ctlreq.o
                0x0800393c                USBD_ParseSetupRequest
 .text.USBD_CtlError
                0x08003954       0x18 ./Middlewares/ST/STM32_USB_Device_Library/Core/Src/usbd_ctlreq.o
                0x08003954                USBD_CtlError
 .text.USBD_GetString
                0x0800396c       0x58 ./Middlewares/ST/STM32_USB_Device_Library/Core/Src/usbd_ctlreq.o
                0x0800396c                USBD_GetString
 .text.USBD_CtlSendData
                0x080039c4       0x1c ./Middlewares/ST/STM32_USB_Device_Library/Core/Src/usbd_ioreq.o
                0x080039c4                USBD_CtlSendData
 .text.USBD_CtlContinueSendData
                0x080039e0       0x10 ./Middlewares/ST/STM32_USB_Device_Library/Core/Src/usbd_ioreq.o
                0x080039e0                USBD_CtlContinueSendData
 .text.USBD_CtlPrepareRx
                0x080039f0       0x1c ./Middlewares/ST/STM32_USB_Device_Library/Core/Src/usbd_ioreq.o
                0x080039f0                USBD_CtlPrepareRx
 .text.USBD_CtlContinueRx
                0x08003a0c       0x10 ./Middlewares/ST/STM32_USB_Device_Library/Core/Src/usbd_ioreq.o
                0x08003a0c                USBD_CtlContinueRx
 .text.USBD_CtlSendStatus
                0x08003a1c       0x18 ./Middlewares/ST/STM32_USB_Device_Library/Core/Src/usbd_ioreq.o
                0x08003a1c                USBD_CtlSendStatus
 .text.USBD_CtlReceiveStatus
                0x08003a34       0x18 ./Middlewares/ST/STM32_USB_Device_Library/Core/Src/usbd_ioreq.o
                0x08003a34                USBD_CtlReceiveStatus
 .text.SysTick_Handler
                0x08003a4c       0x1c ./Middlewares/Third_Party/FreeRTOS/Source/CMSIS_RTOS_V2/cmsis_os2.o
                0x08003a4c                SysTick_Handler
 .text.osKernelInitialize
                0x08003a68       0x24 ./Middlewares/Third_Party/FreeRTOS/Source/CMSIS_RTOS_V2/cmsis_os2.o
                0x08003a68                osKernelInitialize
 .text.osKernelStart
                0x08003a8c       0x34 ./Middlewares/Third_Party/FreeRTOS/Source/CMSIS_RTOS_V2/cmsis_os2.o
                0x08003a8c                osKernelStart
 .text.osThreadNew
                0x08003ac0       0x90 ./Middlewares/Third_Party/FreeRTOS/Source/CMSIS_RTOS_V2/cmsis_os2.o
                0x08003ac0                osThreadNew
 .text.osDelay  0x08003b50       0x1c ./Middlewares/Third_Party/FreeRTOS/Source/CMSIS_RTOS_V2/cmsis_os2.o
                0x08003b50                osDelay
 .text.vApplicationGetIdleTaskMemory
                0x08003b6c       0x20 ./Middlewares/Third_Party/FreeRTOS/Source/CMSIS_RTOS_V2/cmsis_os2.o
                0x08003b6c                vApplicationGetIdleTaskMemory
 .text.vApplicationGetTimerTaskMemory
                0x08003b8c       0x20 ./Middlewares/Third_Party/FreeRTOS/Source/CMSIS_RTOS_V2/cmsis_os2.o
                0x08003b8c                vApplicationGetTimerTaskMemory
 .text.vListInitialise
                0x08003bac       0x18 ./Middlewares/Third_Party/FreeRTOS/Source/list.o
                0x08003bac                vListInitialise
 .text.vListInitialiseItem
                0x08003bc4        0x8 ./Middlewares/Third_Party/FreeRTOS/Source/list.o
                0x08003bc4                vListInitialiseItem
 .text.vListInsertEnd
                0x08003bcc       0x1c ./Middlewares/Third_Party/FreeRTOS/Source/list.o
                0x08003bcc                vListInsertEnd
 .text.vListInsert
                0x08003be8       0x30 ./Middlewares/Third_Party/FreeRTOS/Source/list.o
                0x08003be8                vListInsert
 .text.uxListRemove
                0x08003c18       0x28 ./Middlewares/Third_Party/FreeRTOS/Source/list.o
                0x08003c18                uxListRemove
 .text.prvCopyDataToQueue
                0x08003c40       0x74 ./Middlewares/Third_Party/FreeRTOS/Source/queue.o
 .text.prvUnlockQueue
                0x08003cb4       0x8c ./Middlewares/Third_Party/FreeRTOS/Source/queue.o
 .text.xQueueGenericReset
                0x08003d40       0x8c ./Middlewares/Third_Party/FreeRTOS/Source/queue.o
                0x08003d40                xQueueGenericReset
 .text.xQueueGenericCreateStatic
                0x08003dcc       0xa8 ./Middlewares/Third_Party/FreeRTOS/Source/queue.o
                0x08003dcc                xQueueGenericCreateStatic
 .text.xQueueGenericSend
                0x08003e74      0x18c ./Middlewares/Third_Party/FreeRTOS/Source/queue.o
                0x08003e74                xQueueGenericSend
 .text.xQueueGenericSendFromISR
                0x08004000       0xc4 ./Middlewares/Third_Party/FreeRTOS/Source/queue.o
                0x08004000                xQueueGenericSendFromISR
 .text.xQueueReceive
                0x080040c4      0x17c ./Middlewares/Third_Party/FreeRTOS/Source/queue.o
                0x080040c4                xQueueReceive
 .text.vQueueAddToRegistry
                0x08004240       0x30 ./Middlewares/Third_Party/FreeRTOS/Source/queue.o
                0x08004240                vQueueAddToRegistry
 .text.vQueueWaitForMessageRestricted
                0x08004270       0x50 ./Middlewares/Third_Party/FreeRTOS/Source/queue.o
                0x08004270                vQueueWaitForMessageRestricted
 .text.prvAddNewTaskToReadyList
                0x080042c0      0x110 ./Middlewares/Third_Party/FreeRTOS/Source/tasks.o
 .text.prvAddCurrentTaskToDelayedList
                0x080043d0       0x74 ./Middlewares/Third_Party/FreeRTOS/Source/tasks.o
 .text.prvDeleteTCB
                0x08004444       0x48 ./Middlewares/Third_Party/FreeRTOS/Source/tasks.o
 .text.prvIdleTask
                0x0800448c       0x68 ./Middlewares/Third_Party/FreeRTOS/Source/tasks.o
 .text.prvInitialiseNewTask.constprop.0
                0x080044f4       0xc0 ./Middlewares/Third_Party/FreeRTOS/Source/tasks.o
 .text.xTaskCreateStatic
                0x080045b4       0x74 ./Middlewares/Third_Party/FreeRTOS/Source/tasks.o
                0x080045b4                xTaskCreateStatic
 .text.xTaskCreate
                0x08004628       0x60 ./Middlewares/Third_Party/FreeRTOS/Source/tasks.o
                0x08004628                xTaskCreate
 .text.vTaskStartScheduler
                0x08004688       0xa0 ./Middlewares/Third_Party/FreeRTOS/Source/tasks.o
                0x08004688                vTaskStartScheduler
 .text.vTaskSuspendAll
                0x08004728       0x10 ./Middlewares/Third_Party/FreeRTOS/Source/tasks.o
                0x08004728                vTaskSuspendAll
 .text.xTaskGetTickCount
                0x08004738        0xc ./Middlewares/Third_Party/FreeRTOS/Source/tasks.o
                0x08004738                xTaskGetTickCount
 .text.xTaskIncrementTick
                0x08004744      0x178 ./Middlewares/Third_Party/FreeRTOS/Source/tasks.o
                0x08004744                xTaskIncrementTick
 .text.xTaskResumeAll.part.0
                0x080048bc      0x110 ./Middlewares/Third_Party/FreeRTOS/Source/tasks.o
 .text.xTaskResumeAll
                0x080049cc       0x20 ./Middlewares/Third_Party/FreeRTOS/Source/tasks.o
                0x080049cc                xTaskResumeAll
 .text.vTaskDelay
                0x080049ec       0x60 ./Middlewares/Third_Party/FreeRTOS/Source/tasks.o
                0x080049ec                vTaskDelay
 .text.vTaskSwitchContext
                0x08004a4c       0x98 ./Middlewares/Third_Party/FreeRTOS/Source/tasks.o
                0x08004a4c                vTaskSwitchContext
 .text.vTaskPlaceOnEventList
                0x08004ae4       0x34 ./Middlewares/Third_Party/FreeRTOS/Source/tasks.o
                0x08004ae4                vTaskPlaceOnEventList
 .text.vTaskPlaceOnEventListRestricted
                0x08004b18       0x3c ./Middlewares/Third_Party/FreeRTOS/Source/tasks.o
                0x08004b18                vTaskPlaceOnEventListRestricted
 .text.xTaskRemoveFromEventList
                0x08004b54       0x88 ./Middlewares/Third_Party/FreeRTOS/Source/tasks.o
                0x08004b54                xTaskRemoveFromEventList
 .text.vTaskInternalSetTimeOutState
                0x08004bdc       0x18 ./Middlewares/Third_Party/FreeRTOS/Source/tasks.o
                0x08004bdc                vTaskInternalSetTimeOutState
 .text.xTaskCheckForTimeOut
                0x08004bf4       0x84 ./Middlewares/Third_Party/FreeRTOS/Source/tasks.o
                0x08004bf4                xTaskCheckForTimeOut
 .text.vTaskMissedYield
                0x08004c78        0xc ./Middlewares/Third_Party/FreeRTOS/Source/tasks.o
                0x08004c78                vTaskMissedYield
 .text.xTaskGetSchedulerState
                0x08004c84       0x20 ./Middlewares/Third_Party/FreeRTOS/Source/tasks.o
                0x08004c84                xTaskGetSchedulerState
 .text.xTaskPriorityDisinherit
                0x08004ca4       0x88 ./Middlewares/Third_Party/FreeRTOS/Source/tasks.o
                0x08004ca4                xTaskPriorityDisinherit
 .text.prvCheckForValidListAndQueue
                0x08004d2c       0x6c ./Middlewares/Third_Party/FreeRTOS/Source/timers.o
 .text.xTimerCreateTimerTask
                0x08004d98       0x64 ./Middlewares/Third_Party/FreeRTOS/Source/timers.o
                0x08004d98                xTimerCreateTimerTask
 .text.xTimerGenericCommand
                0x08004dfc       0x6c ./Middlewares/Third_Party/FreeRTOS/Source/timers.o
                0x08004dfc                xTimerGenericCommand
 .text.prvSwitchTimerLists
                0x08004e68       0x80 ./Middlewares/Third_Party/FreeRTOS/Source/timers.o
 .text.prvTimerTask
                0x08004ee8      0x268 ./Middlewares/Third_Party/FreeRTOS/Source/timers.o
 .text.prvPortStartFirstTask
                0x08005150       0x28 ./Middlewares/Third_Party/FreeRTOS/Source/portable/GCC/ARM_CM4F/port.o
 .text.vPortEnableVFP
                0x08005178       0x14 ./Middlewares/Third_Party/FreeRTOS/Source/portable/GCC/ARM_CM4F/port.o
 .text.prvTaskExitError
                0x0800518c       0x40 ./Middlewares/Third_Party/FreeRTOS/Source/portable/GCC/ARM_CM4F/port.o
 .text.pxPortInitialiseStack
                0x080051cc       0x28 ./Middlewares/Third_Party/FreeRTOS/Source/portable/GCC/ARM_CM4F/port.o
                0x080051cc                pxPortInitialiseStack
 *fill*         0x080051f4        0xc 
 .text.SVC_Handler
                0x08005200       0x24 ./Middlewares/Third_Party/FreeRTOS/Source/portable/GCC/ARM_CM4F/port.o
                0x08005200                SVC_Handler
 .text.vPortEnterCritical
                0x08005224       0x44 ./Middlewares/Third_Party/FreeRTOS/Source/portable/GCC/ARM_CM4F/port.o
                0x08005224                vPortEnterCritical
 .text.vPortExitCritical
                0x08005268       0x28 ./Middlewares/Third_Party/FreeRTOS/Source/portable/GCC/ARM_CM4F/port.o
                0x08005268                vPortExitCritical
 .text.PendSV_Handler
                0x08005290       0x64 ./Middlewares/Third_Party/FreeRTOS/Source/portable/GCC/ARM_CM4F/port.o
                0x08005290                PendSV_Handler
 .text.xPortSysTickHandler
                0x080052f4       0x2c ./Middlewares/Third_Party/FreeRTOS/Source/portable/GCC/ARM_CM4F/port.o
                0x080052f4                xPortSysTickHandler
 .text.vPortSetupTimerInterrupt
                0x08005320       0x28 ./Middlewares/Third_Party/FreeRTOS/Source/portable/GCC/ARM_CM4F/port.o
                0x08005320                vPortSetupTimerInterrupt
 .text.xPortStartScheduler
                0x08005348      0x114 ./Middlewares/Third_Party/FreeRTOS/Source/portable/GCC/ARM_CM4F/port.o
                0x08005348                xPortStartScheduler
 .text.vPortValidateInterruptPriority
                0x0800545c       0x5c ./Middlewares/Third_Party/FreeRTOS/Source/portable/GCC/ARM_CM4F/port.o
                0x0800545c                vPortValidateInterruptPriority
 .text.prvInsertBlockIntoFreeList
                0x080054b8       0x54 ./Middlewares/Third_Party/FreeRTOS/Source/portable/MemMang/heap_4.o
 .text.pvPortMalloc
                0x0800550c      0x128 ./Middlewares/Third_Party/FreeRTOS/Source/portable/MemMang/heap_4.o
                0x0800550c                pvPortMalloc
 .text.vPortFree
                0x08005634       0x80 ./Middlewares/Third_Party/FreeRTOS/Source/portable/MemMang/heap_4.o
                0x08005634                vPortFree
 .text.MX_USB_DEVICE_Init
                0x080056b4       0x74 ./USB_DEVICE/App/usb_device.o
                0x080056b4                MX_USB_DEVICE_Init
 .text.CDC_DeInit_HS
                0x08005728        0x4 ./USB_DEVICE/App/usbd_cdc_if.o
 .text.CDC_Control_HS
                0x0800572c        0x4 ./USB_DEVICE/App/usbd_cdc_if.o
 .text.CDC_TransmitCplt_HS
                0x08005730        0x4 ./USB_DEVICE/App/usbd_cdc_if.o
 .text.CDC_Receive_HS
                0x08005734       0x1c ./USB_DEVICE/App/usbd_cdc_if.o
 .text.CDC_Init_HS
                0x08005750       0x28 ./USB_DEVICE/App/usbd_cdc_if.o
 .text.USBD_HS_DeviceDescriptor
                0x08005778        0xc ./USB_DEVICE/App/usbd_desc.o
                0x08005778                USBD_HS_DeviceDescriptor
 .text.USBD_HS_LangIDStrDescriptor
                0x08005784        0xc ./USB_DEVICE/App/usbd_desc.o
                0x08005784                USBD_HS_LangIDStrDescriptor
 .text.USBD_HS_ManufacturerStrDescriptor
                0x08005790       0x1c ./USB_DEVICE/App/usbd_desc.o
                0x08005790                USBD_HS_ManufacturerStrDescriptor
 .text.USBD_HS_ProductStrDescriptor
                0x080057ac       0x1c ./USB_DEVICE/App/usbd_desc.o
                0x080057ac                USBD_HS_ProductStrDescriptor
 .text.USBD_HS_ConfigStrDescriptor
                0x080057c8       0x1c ./USB_DEVICE/App/usbd_desc.o
                0x080057c8                USBD_HS_ConfigStrDescriptor
 .text.USBD_HS_InterfaceStrDescriptor
                0x080057e4       0x1c ./USB_DEVICE/App/usbd_desc.o
                0x080057e4                USBD_HS_InterfaceStrDescriptor
 .text.USBD_HS_SerialStrDescriptor
                0x08005800        0xc ./USB_DEVICE/App/usbd_desc.o
                0x08005800                USBD_HS_SerialStrDescriptor
 .text.HAL_PCD_MspInit
                0x0800580c       0xa0 ./USB_DEVICE/Target/usbd_conf.o
                0x0800580c                HAL_PCD_MspInit
 .text.HAL_PCD_SetupStageCallback
                0x080058ac        0xc ./USB_DEVICE/Target/usbd_conf.o
                0x080058ac                HAL_PCD_SetupStageCallback
 .text.HAL_PCD_DataOutStageCallback
                0x080058b8       0x14 ./USB_DEVICE/Target/usbd_conf.o
                0x080058b8                HAL_PCD_DataOutStageCallback
 .text.HAL_PCD_DataInStageCallback
                0x080058cc       0x14 ./USB_DEVICE/Target/usbd_conf.o
                0x080058cc                HAL_PCD_DataInStageCallback
 .text.HAL_PCD_SOFCallback
                0x080058e0        0x8 ./USB_DEVICE/Target/usbd_conf.o
                0x080058e0                HAL_PCD_SOFCallback
 .text.HAL_PCD_ResetCallback
                0x080058e8       0x2c ./USB_DEVICE/Target/usbd_conf.o
                0x080058e8                HAL_PCD_ResetCallback
 .text.HAL_PCD_SuspendCallback
                0x08005914       0x30 ./USB_DEVICE/Target/usbd_conf.o
                0x08005914                HAL_PCD_SuspendCallback
 .text.HAL_PCD_ResumeCallback
                0x08005944        0x8 ./USB_DEVICE/Target/usbd_conf.o
                0x08005944                HAL_PCD_ResumeCallback
 .text.HAL_PCD_ISOOUTIncompleteCallback
                0x0800594c        0x8 ./USB_DEVICE/Target/usbd_conf.o
                0x0800594c                HAL_PCD_ISOOUTIncompleteCallback
 .text.HAL_PCD_ISOINIncompleteCallback
                0x08005954        0x8 ./USB_DEVICE/Target/usbd_conf.o
                0x08005954                HAL_PCD_ISOINIncompleteCallback
 .text.HAL_PCD_ConnectCallback
                0x0800595c        0x8 ./USB_DEVICE/Target/usbd_conf.o
                0x0800595c                HAL_PCD_ConnectCallback
 .text.HAL_PCD_DisconnectCallback
                0x08005964        0x8 ./USB_DEVICE/Target/usbd_conf.o
                0x08005964                HAL_PCD_DisconnectCallback
 .text.USBD_LL_Init
                0x0800596c       0x6c ./USB_DEVICE/Target/usbd_conf.o
                0x0800596c                USBD_LL_Init
 .text.USBD_LL_Start
                0x080059d8       0x18 ./USB_DEVICE/Target/usbd_conf.o
                0x080059d8                USBD_LL_Start
 .text.USBD_LL_OpenEP
                0x080059f0       0x1c ./USB_DEVICE/Target/usbd_conf.o
                0x080059f0                USBD_LL_OpenEP
 .text.USBD_LL_CloseEP
                0x08005a0c       0x18 ./USB_DEVICE/Target/usbd_conf.o
                0x08005a0c                USBD_LL_CloseEP
 .text.USBD_LL_StallEP
                0x08005a24       0x18 ./USB_DEVICE/Target/usbd_conf.o
                0x08005a24                USBD_LL_StallEP
 .text.USBD_LL_ClearStallEP
                0x08005a3c       0x18 ./USB_DEVICE/Target/usbd_conf.o
                0x08005a3c                USBD_LL_ClearStallEP
 .text.USBD_LL_IsStallEP
                0x08005a54       0x28 ./USB_DEVICE/Target/usbd_conf.o
                0x08005a54                USBD_LL_IsStallEP
 .text.USBD_LL_SetUSBAddress
                0x08005a7c       0x18 ./USB_DEVICE/Target/usbd_conf.o
                0x08005a7c                USBD_LL_SetUSBAddress
 .text.USBD_LL_Transmit
                0x08005a94       0x18 ./USB_DEVICE/Target/usbd_conf.o
                0x08005a94                USBD_LL_Transmit
 .text.USBD_LL_PrepareReceive
                0x08005aac       0x18 ./USB_DEVICE/Target/usbd_conf.o
                0x08005aac                USBD_LL_PrepareReceive
 .text.USBD_LL_GetRxDataSize
                0x08005ac4        0x8 ./USB_DEVICE/Target/usbd_conf.o
                0x08005ac4                USBD_LL_GetRxDataSize
 .text.USBD_static_malloc
                0x08005acc        0x8 ./USB_DEVICE/Target/usbd_conf.o
                0x08005acc                USBD_static_malloc
 .text.USBD_static_free
                0x08005ad4        0x4 ./USB_DEVICE/Target/usbd_conf.o
                0x08005ad4                USBD_static_free
 .text.std      0x08005ad8       0x6c C:/ST/STM32CubeIDE_1.16.0/STM32CubeIDE/plugins/com.st.stm32cube.ide.mcu.externaltools.gnu-tools-for-stm32.12.3.rel1.win32_1.0.200.202406191623/tools/bin/../lib/gcc/arm-none-eabi/12.3.1/../../../../arm-none-eabi/lib/thumb/v7e-m+fp/hard\libc_nano.a(libc_a-findfp.o)
 .text.stdio_exit_handler
                0x08005b44       0x18 C:/ST/STM32CubeIDE_1.16.0/STM32CubeIDE/plugins/com.st.stm32cube.ide.mcu.externaltools.gnu-tools-for-stm32.12.3.rel1.win32_1.0.200.202406191623/tools/bin/../lib/gcc/arm-none-eabi/12.3.1/../../../../arm-none-eabi/lib/thumb/v7e-m+fp/hard\libc_nano.a(libc_a-findfp.o)
 .text.cleanup_stdio
                0x08005b5c       0x40 C:/ST/STM32CubeIDE_1.16.0/STM32CubeIDE/plugins/com.st.stm32cube.ide.mcu.externaltools.gnu-tools-for-stm32.12.3.rel1.win32_1.0.200.202406191623/tools/bin/../lib/gcc/arm-none-eabi/12.3.1/../../../../arm-none-eabi/lib/thumb/v7e-m+fp/hard\libc_nano.a(libc_a-findfp.o)
 .text.global_stdio_init.part.0
                0x08005b9c       0x3c C:/ST/STM32CubeIDE_1.16.0/STM32CubeIDE/plugins/com.st.stm32cube.ide.mcu.externaltools.gnu-tools-for-stm32.12.3.rel1.win32_1.0.200.202406191623/tools/bin/../lib/gcc/arm-none-eabi/12.3.1/../../../../arm-none-eabi/lib/thumb/v7e-m+fp/hard\libc_nano.a(libc_a-findfp.o)
 .text.__sfp_lock_acquire
                0x08005bd8        0xc C:/ST/STM32CubeIDE_1.16.0/STM32CubeIDE/plugins/com.st.stm32cube.ide.mcu.externaltools.gnu-tools-for-stm32.12.3.rel1.win32_1.0.200.202406191623/tools/bin/../lib/gcc/arm-none-eabi/12.3.1/../../../../arm-none-eabi/lib/thumb/v7e-m+fp/hard\libc_nano.a(libc_a-findfp.o)
                0x08005bd8                __sfp_lock_acquire
 .text.__sfp_lock_release
                0x08005be4        0xc C:/ST/STM32CubeIDE_1.16.0/STM32CubeIDE/plugins/com.st.stm32cube.ide.mcu.externaltools.gnu-tools-for-stm32.12.3.rel1.win32_1.0.200.202406191623/tools/bin/../lib/gcc/arm-none-eabi/12.3.1/../../../../arm-none-eabi/lib/thumb/v7e-m+fp/hard\libc_nano.a(libc_a-findfp.o)
                0x08005be4                __sfp_lock_release
 .text.__sinit  0x08005bf0       0x30 C:/ST/STM32CubeIDE_1.16.0/STM32CubeIDE/plugins/com.st.stm32cube.ide.mcu.externaltools.gnu-tools-for-stm32.12.3.rel1.win32_1.0.200.202406191623/tools/bin/../lib/gcc/arm-none-eabi/12.3.1/../../../../arm-none-eabi/lib/thumb/v7e-m+fp/hard\libc_nano.a(libc_a-findfp.o)
                0x08005bf0                __sinit
 .text._fwalk_sglue
                0x08005c20       0x3c C:/ST/STM32CubeIDE_1.16.0/STM32CubeIDE/plugins/com.st.stm32cube.ide.mcu.externaltools.gnu-tools-for-stm32.12.3.rel1.win32_1.0.200.202406191623/tools/bin/../lib/gcc/arm-none-eabi/12.3.1/../../../../arm-none-eabi/lib/thumb/v7e-m+fp/hard\libc_nano.a(libc_a-fwalk.o)
                0x08005c20                _fwalk_sglue
 .text.printf   0x08005c5c       0x24 C:/ST/STM32CubeIDE_1.16.0/STM32CubeIDE/plugins/com.st.stm32cube.ide.mcu.externaltools.gnu-tools-for-stm32.12.3.rel1.win32_1.0.200.202406191623/tools/bin/../lib/gcc/arm-none-eabi/12.3.1/../../../../arm-none-eabi/lib/thumb/v7e-m+fp/hard\libc_nano.a(libc_a-printf.o)
                0x08005c5c                iprintf
                0x08005c5c                printf
 .text.putchar  0x08005c80       0x10 C:/ST/STM32CubeIDE_1.16.0/STM32CubeIDE/plugins/com.st.stm32cube.ide.mcu.externaltools.gnu-tools-for-stm32.12.3.rel1.win32_1.0.200.202406191623/tools/bin/../lib/gcc/arm-none-eabi/12.3.1/../../../../arm-none-eabi/lib/thumb/v7e-m+fp/hard\libc_nano.a(libc_a-putchar.o)
                0x08005c80                putchar
 .text.__sread  0x08005c90       0x22 C:/ST/STM32CubeIDE_1.16.0/STM32CubeIDE/plugins/com.st.stm32cube.ide.mcu.externaltools.gnu-tools-for-stm32.12.3.rel1.win32_1.0.200.202406191623/tools/bin/../lib/gcc/arm-none-eabi/12.3.1/../../../../arm-none-eabi/lib/thumb/v7e-m+fp/hard\libc_nano.a(libc_a-stdio.o)
                0x08005c90                __sread
 .text.__swrite
                0x08005cb2       0x38 C:/ST/STM32CubeIDE_1.16.0/STM32CubeIDE/plugins/com.st.stm32cube.ide.mcu.externaltools.gnu-tools-for-stm32.12.3.rel1.win32_1.0.200.202406191623/tools/bin/../lib/gcc/arm-none-eabi/12.3.1/../../../../arm-none-eabi/lib/thumb/v7e-m+fp/hard\libc_nano.a(libc_a-stdio.o)
                0x08005cb2                __swrite
 .text.__sseek  0x08005cea       0x24 C:/ST/STM32CubeIDE_1.16.0/STM32CubeIDE/plugins/com.st.stm32cube.ide.mcu.externaltools.gnu-tools-for-stm32.12.3.rel1.win32_1.0.200.202406191623/tools/bin/../lib/gcc/arm-none-eabi/12.3.1/../../../../arm-none-eabi/lib/thumb/v7e-m+fp/hard\libc_nano.a(libc_a-stdio.o)
                0x08005cea                __sseek
 .text.__sclose
                0x08005d0e        0x8 C:/ST/STM32CubeIDE_1.16.0/STM32CubeIDE/plugins/com.st.stm32cube.ide.mcu.externaltools.gnu-tools-for-stm32.12.3.rel1.win32_1.0.200.202406191623/tools/bin/../lib/gcc/arm-none-eabi/12.3.1/../../../../arm-none-eabi/lib/thumb/v7e-m+fp/hard\libc_nano.a(libc_a-stdio.o)
                0x08005d0e                __sclose
 .text.memset   0x08005d16       0x10 C:/ST/STM32CubeIDE_1.16.0/STM32CubeIDE/plugins/com.st.stm32cube.ide.mcu.externaltools.gnu-tools-for-stm32.12.3.rel1.win32_1.0.200.202406191623/tools/bin/../lib/gcc/arm-none-eabi/12.3.1/../../../../arm-none-eabi/lib/thumb/v7e-m+fp/hard\libc_nano.a(libc_a-memset.o)
                0x08005d16                memset
 *fill*         0x08005d26        0x2 
 .text._close_r
                0x08005d28       0x20 C:/ST/STM32CubeIDE_1.16.0/STM32CubeIDE/plugins/com.st.stm32cube.ide.mcu.externaltools.gnu-tools-for-stm32.12.3.rel1.win32_1.0.200.202406191623/tools/bin/../lib/gcc/arm-none-eabi/12.3.1/../../../../arm-none-eabi/lib/thumb/v7e-m+fp/hard\libc_nano.a(libc_a-closer.o)
                0x08005d28                _close_r
 .text._reclaim_reent
                0x08005d48       0xac C:/ST/STM32CubeIDE_1.16.0/STM32CubeIDE/plugins/com.st.stm32cube.ide.mcu.externaltools.gnu-tools-for-stm32.12.3.rel1.win32_1.0.200.202406191623/tools/bin/../lib/gcc/arm-none-eabi/12.3.1/../../../../arm-none-eabi/lib/thumb/v7e-m+fp/hard\libc_nano.a(libc_a-reent.o)
                0x08005d48                _reclaim_reent
 .text._lseek_r
                0x08005df4       0x24 C:/ST/STM32CubeIDE_1.16.0/STM32CubeIDE/plugins/com.st.stm32cube.ide.mcu.externaltools.gnu-tools-for-stm32.12.3.rel1.win32_1.0.200.202406191623/tools/bin/../lib/gcc/arm-none-eabi/12.3.1/../../../../arm-none-eabi/lib/thumb/v7e-m+fp/hard\libc_nano.a(libc_a-lseekr.o)
                0x08005df4                _lseek_r
 .text._read_r  0x08005e18       0x24 C:/ST/STM32CubeIDE_1.16.0/STM32CubeIDE/plugins/com.st.stm32cube.ide.mcu.externaltools.gnu-tools-for-stm32.12.3.rel1.win32_1.0.200.202406191623/tools/bin/../lib/gcc/arm-none-eabi/12.3.1/../../../../arm-none-eabi/lib/thumb/v7e-m+fp/hard\libc_nano.a(libc_a-readr.o)
                0x08005e18                _read_r
 .text._write_r
                0x08005e3c       0x24 C:/ST/STM32CubeIDE_1.16.0/STM32CubeIDE/plugins/com.st.stm32cube.ide.mcu.externaltools.gnu-tools-for-stm32.12.3.rel1.win32_1.0.200.202406191623/tools/bin/../lib/gcc/arm-none-eabi/12.3.1/../../../../arm-none-eabi/lib/thumb/v7e-m+fp/hard\libc_nano.a(libc_a-writer.o)
                0x08005e3c                _write_r
 .text.__errno  0x08005e60        0xc C:/ST/STM32CubeIDE_1.16.0/STM32CubeIDE/plugins/com.st.stm32cube.ide.mcu.externaltools.gnu-tools-for-stm32.12.3.rel1.win32_1.0.200.202406191623/tools/bin/../lib/gcc/arm-none-eabi/12.3.1/../../../../arm-none-eabi/lib/thumb/v7e-m+fp/hard\libc_nano.a(libc_a-errno.o)
                0x08005e60                __errno
 .text.__libc_init_array
                0x08005e6c       0x48 C:/ST/STM32CubeIDE_1.16.0/STM32CubeIDE/plugins/com.st.stm32cube.ide.mcu.externaltools.gnu-tools-for-stm32.12.3.rel1.win32_1.0.200.202406191623/tools/bin/../lib/gcc/arm-none-eabi/12.3.1/../../../../arm-none-eabi/lib/thumb/v7e-m+fp/hard\libc_nano.a(libc_a-init.o)
                0x08005e6c                __libc_init_array
 .text.__retarget_lock_init_recursive
                0x08005eb4        0x2 C:/ST/STM32CubeIDE_1.16.0/STM32CubeIDE/plugins/com.st.stm32cube.ide.mcu.externaltools.gnu-tools-for-stm32.12.3.rel1.win32_1.0.200.202406191623/tools/bin/../lib/gcc/arm-none-eabi/12.3.1/../../../../arm-none-eabi/lib/thumb/v7e-m+fp/hard\libc_nano.a(libc_a-lock.o)
                0x08005eb4                __retarget_lock_init_recursive
 .text.__retarget_lock_acquire_recursive
                0x08005eb6        0x2 C:/ST/STM32CubeIDE_1.16.0/STM32CubeIDE/plugins/com.st.stm32cube.ide.mcu.externaltools.gnu-tools-for-stm32.12.3.rel1.win32_1.0.200.202406191623/tools/bin/../lib/gcc/arm-none-eabi/12.3.1/../../../../arm-none-eabi/lib/thumb/v7e-m+fp/hard\libc_nano.a(libc_a-lock.o)
                0x08005eb6                __retarget_lock_acquire_recursive
 .text.__retarget_lock_release_recursive
                0x08005eb8        0x2 C:/ST/STM32CubeIDE_1.16.0/STM32CubeIDE/plugins/com.st.stm32cube.ide.mcu.externaltools.gnu-tools-for-stm32.12.3.rel1.win32_1.0.200.202406191623/tools/bin/../lib/gcc/arm-none-eabi/12.3.1/../../../../arm-none-eabi/lib/thumb/v7e-m+fp/hard\libc_nano.a(libc_a-lock.o)
                0x08005eb8                __retarget_lock_release_recursive
 .text.memcpy   0x08005eba       0x1c C:/ST/STM32CubeIDE_1.16.0/STM32CubeIDE/plugins/com.st.stm32cube.ide.mcu.externaltools.gnu-tools-for-stm32.12.3.rel1.win32_1.0.200.202406191623/tools/bin/../lib/gcc/arm-none-eabi/12.3.1/../../../../arm-none-eabi/lib/thumb/v7e-m+fp/hard\libc_nano.a(libc_a-memcpy-stub.o)
                0x08005eba                memcpy
 *fill*         0x08005ed6        0x2 
 .text._free_r  0x08005ed8       0x94 C:/ST/STM32CubeIDE_1.16.0/STM32CubeIDE/plugins/com.st.stm32cube.ide.mcu.externaltools.gnu-tools-for-stm32.12.3.rel1.win32_1.0.200.202406191623/tools/bin/../lib/gcc/arm-none-eabi/12.3.1/../../../../arm-none-eabi/lib/thumb/v7e-m+fp/hard\libc_nano.a(libc_a-freer.o)
                0x08005ed8                _free_r
 .text.sbrk_aligned
                0x08005f6c       0x44 C:/ST/STM32CubeIDE_1.16.0/STM32CubeIDE/plugins/com.st.stm32cube.ide.mcu.externaltools.gnu-tools-for-stm32.12.3.rel1.win32_1.0.200.202406191623/tools/bin/../lib/gcc/arm-none-eabi/12.3.1/../../../../arm-none-eabi/lib/thumb/v7e-m+fp/hard\libc_nano.a(libc_a-mallocr.o)
 .text._malloc_r
                0x08005fb0      0x100 C:/ST/STM32CubeIDE_1.16.0/STM32CubeIDE/plugins/com.st.stm32cube.ide.mcu.externaltools.gnu-tools-for-stm32.12.3.rel1.win32_1.0.200.202406191623/tools/bin/../lib/gcc/arm-none-eabi/12.3.1/../../../../arm-none-eabi/lib/thumb/v7e-m+fp/hard\libc_nano.a(libc_a-mallocr.o)
                0x08005fb0                _malloc_r
 .text.__malloc_lock
                0x080060b0        0xc C:/ST/STM32CubeIDE_1.16.0/STM32CubeIDE/plugins/com.st.stm32cube.ide.mcu.externaltools.gnu-tools-for-stm32.12.3.rel1.win32_1.0.200.202406191623/tools/bin/../lib/gcc/arm-none-eabi/12.3.1/../../../../arm-none-eabi/lib/thumb/v7e-m+fp/hard\libc_nano.a(libc_a-mlock.o)
                0x080060b0                __malloc_lock
 .text.__malloc_unlock
                0x080060bc        0xc C:/ST/STM32CubeIDE_1.16.0/STM32CubeIDE/plugins/com.st.stm32cube.ide.mcu.externaltools.gnu-tools-for-stm32.12.3.rel1.win32_1.0.200.202406191623/tools/bin/../lib/gcc/arm-none-eabi/12.3.1/../../../../arm-none-eabi/lib/thumb/v7e-m+fp/hard\libc_nano.a(libc_a-mlock.o)
                0x080060bc                __malloc_unlock
 .text.__sfputc_r
                0x080060c8       0x2e C:/ST/STM32CubeIDE_1.16.0/STM32CubeIDE/plugins/com.st.stm32cube.ide.mcu.externaltools.gnu-tools-for-stm32.12.3.rel1.win32_1.0.200.202406191623/tools/bin/../lib/gcc/arm-none-eabi/12.3.1/../../../../arm-none-eabi/lib/thumb/v7e-m+fp/hard\libc_nano.a(libc_a-nano-vfprintf.o)
 .text.__sfputs_r
                0x080060f6       0x24 C:/ST/STM32CubeIDE_1.16.0/STM32CubeIDE/plugins/com.st.stm32cube.ide.mcu.externaltools.gnu-tools-for-stm32.12.3.rel1.win32_1.0.200.202406191623/tools/bin/../lib/gcc/arm-none-eabi/12.3.1/../../../../arm-none-eabi/lib/thumb/v7e-m+fp/hard\libc_nano.a(libc_a-nano-vfprintf.o)
                0x080060f6                __sfputs_r
 *fill*         0x0800611a        0x2 
 .text._vfprintf_r
                0x0800611c      0x230 C:/ST/STM32CubeIDE_1.16.0/STM32CubeIDE/plugins/com.st.stm32cube.ide.mcu.externaltools.gnu-tools-for-stm32.12.3.rel1.win32_1.0.200.202406191623/tools/bin/../lib/gcc/arm-none-eabi/12.3.1/../../../../arm-none-eabi/lib/thumb/v7e-m+fp/hard\libc_nano.a(libc_a-nano-vfprintf.o)
                0x0800611c                _vfprintf_r
                0x0800611c                _vfiprintf_r
 .text._printf_common
                0x0800634c       0xda C:/ST/STM32CubeIDE_1.16.0/STM32CubeIDE/plugins/com.st.stm32cube.ide.mcu.externaltools.gnu-tools-for-stm32.12.3.rel1.win32_1.0.200.202406191623/tools/bin/../lib/gcc/arm-none-eabi/12.3.1/../../../../arm-none-eabi/lib/thumb/v7e-m+fp/hard\libc_nano.a(libc_a-nano-vfprintf_i.o)
                0x0800634c                _printf_common
 *fill*         0x08006426        0x2 
 .text._printf_i
                0x08006428      0x240 C:/ST/STM32CubeIDE_1.16.0/STM32CubeIDE/plugins/com.st.stm32cube.ide.mcu.externaltools.gnu-tools-for-stm32.12.3.rel1.win32_1.0.200.202406191623/tools/bin/../lib/gcc/arm-none-eabi/12.3.1/../../../../arm-none-eabi/lib/thumb/v7e-m+fp/hard\libc_nano.a(libc_a-nano-vfprintf_i.o)
                0x08006428                _printf_i
 .text.__sflush_r
                0x08006668      0x108 C:/ST/STM32CubeIDE_1.16.0/STM32CubeIDE/plugins/com.st.stm32cube.ide.mcu.externaltools.gnu-tools-for-stm32.12.3.rel1.win32_1.0.200.202406191623/tools/bin/../lib/gcc/arm-none-eabi/12.3.1/../../../../arm-none-eabi/lib/thumb/v7e-m+fp/hard\libc_nano.a(libc_a-fflush.o)
                0x08006668                __sflush_r
 .text._fflush_r
                0x08006770       0x50 C:/ST/STM32CubeIDE_1.16.0/STM32CubeIDE/plugins/com.st.stm32cube.ide.mcu.externaltools.gnu-tools-for-stm32.12.3.rel1.win32_1.0.200.202406191623/tools/bin/../lib/gcc/arm-none-eabi/12.3.1/../../../../arm-none-eabi/lib/thumb/v7e-m+fp/hard\libc_nano.a(libc_a-fflush.o)
                0x08006770                _fflush_r
 .text._putc_r  0x080067c0       0x68 C:/ST/STM32CubeIDE_1.16.0/STM32CubeIDE/plugins/com.st.stm32cube.ide.mcu.externaltools.gnu-tools-for-stm32.12.3.rel1.win32_1.0.200.202406191623/tools/bin/../lib/gcc/arm-none-eabi/12.3.1/../../../../arm-none-eabi/lib/thumb/v7e-m+fp/hard\libc_nano.a(libc_a-putc.o)
                0x080067c0                _putc_r
 .text.__swbuf_r
                0x08006828       0x7c C:/ST/STM32CubeIDE_1.16.0/STM32CubeIDE/plugins/com.st.stm32cube.ide.mcu.externaltools.gnu-tools-for-stm32.12.3.rel1.win32_1.0.200.202406191623/tools/bin/../lib/gcc/arm-none-eabi/12.3.1/../../../../arm-none-eabi/lib/thumb/v7e-m+fp/hard\libc_nano.a(libc_a-wbuf.o)
                0x08006828                __swbuf_r
 .text.__swsetup_r
                0x080068a4       0xac C:/ST/STM32CubeIDE_1.16.0/STM32CubeIDE/plugins/com.st.stm32cube.ide.mcu.externaltools.gnu-tools-for-stm32.12.3.rel1.win32_1.0.200.202406191623/tools/bin/../lib/gcc/arm-none-eabi/12.3.1/../../../../arm-none-eabi/lib/thumb/v7e-m+fp/hard\libc_nano.a(libc_a-wsetup.o)
                0x080068a4                __swsetup_r
 .text._sbrk_r  0x08006950       0x20 C:/ST/STM32CubeIDE_1.16.0/STM32CubeIDE/plugins/com.st.stm32cube.ide.mcu.externaltools.gnu-tools-for-stm32.12.3.rel1.win32_1.0.200.202406191623/tools/bin/../lib/gcc/arm-none-eabi/12.3.1/../../../../arm-none-eabi/lib/thumb/v7e-m+fp/hard\libc_nano.a(libc_a-sbrkr.o)
                0x08006950                _sbrk_r
 .text.__swhatbuf_r
                0x08006970       0x4c C:/ST/STM32CubeIDE_1.16.0/STM32CubeIDE/plugins/com.st.stm32cube.ide.mcu.externaltools.gnu-tools-for-stm32.12.3.rel1.win32_1.0.200.202406191623/tools/bin/../lib/gcc/arm-none-eabi/12.3.1/../../../../arm-none-eabi/lib/thumb/v7e-m+fp/hard\libc_nano.a(libc_a-makebuf.o)
                0x08006970                __swhatbuf_r
 .text.__smakebuf_r
                0x080069bc       0x78 C:/ST/STM32CubeIDE_1.16.0/STM32CubeIDE/plugins/com.st.stm32cube.ide.mcu.externaltools.gnu-tools-for-stm32.12.3.rel1.win32_1.0.200.202406191623/tools/bin/../lib/gcc/arm-none-eabi/12.3.1/../../../../arm-none-eabi/lib/thumb/v7e-m+fp/hard\libc_nano.a(libc_a-makebuf.o)
                0x080069bc                __smakebuf_r
 .text._fstat_r
                0x08006a34       0x24 C:/ST/STM32CubeIDE_1.16.0/STM32CubeIDE/plugins/com.st.stm32cube.ide.mcu.externaltools.gnu-tools-for-stm32.12.3.rel1.win32_1.0.200.202406191623/tools/bin/../lib/gcc/arm-none-eabi/12.3.1/../../../../arm-none-eabi/lib/thumb/v7e-m+fp/hard\libc_nano.a(libc_a-fstatr.o)
                0x08006a34                _fstat_r
 .text._isatty_r
                0x08006a58       0x20 C:/ST/STM32CubeIDE_1.16.0/STM32CubeIDE/plugins/com.st.stm32cube.ide.mcu.externaltools.gnu-tools-for-stm32.12.3.rel1.win32_1.0.200.202406191623/tools/bin/../lib/gcc/arm-none-eabi/12.3.1/../../../../arm-none-eabi/lib/thumb/v7e-m+fp/hard\libc_nano.a(libc_a-isattyr.o)
                0x08006a58                _isatty_r
 *(.glue_7)
 .glue_7        0x08006a78        0x0 linker stubs
 *(.glue_7t)
 .glue_7t       0x08006a78        0x0 linker stubs
 *(.eh_frame)
 .eh_frame      0x08006a78        0x0 C:/ST/STM32CubeIDE_1.16.0/STM32CubeIDE/plugins/com.st.stm32cube.ide.mcu.externaltools.gnu-tools-for-stm32.12.3.rel1.win32_1.0.200.202406191623/tools/bin/../lib/gcc/arm-none-eabi/12.3.1/thumb/v7e-m+fp/hard/crtbegin.o
 *(.init)
 .init          0x08006a78        0x4 C:/ST/STM32CubeIDE_1.16.0/STM32CubeIDE/plugins/com.st.stm32cube.ide.mcu.externaltools.gnu-tools-for-stm32.12.3.rel1.win32_1.0.200.202406191623/tools/bin/../lib/gcc/arm-none-eabi/12.3.1/thumb/v7e-m+fp/hard/crti.o
                0x08006a78                _init
 .init          0x08006a7c        0x8 C:/ST/STM32CubeIDE_1.16.0/STM32CubeIDE/plugins/com.st.stm32cube.ide.mcu.externaltools.gnu-tools-for-stm32.12.3.rel1.win32_1.0.200.202406191623/tools/bin/../lib/gcc/arm-none-eabi/12.3.1/thumb/v7e-m+fp/hard/crtn.o
 *(.fini)
 .fini          0x08006a84        0x4 C:/ST/STM32CubeIDE_1.16.0/STM32CubeIDE/plugins/com.st.stm32cube.ide.mcu.externaltools.gnu-tools-for-stm32.12.3.rel1.win32_1.0.200.202406191623/tools/bin/../lib/gcc/arm-none-eabi/12.3.1/thumb/v7e-m+fp/hard/crti.o
                0x08006a84                _fini
 .fini          0x08006a88        0x8 C:/ST/STM32CubeIDE_1.16.0/STM32CubeIDE/plugins/com.st.stm32cube.ide.mcu.externaltools.gnu-tools-for-stm32.12.3.rel1.win32_1.0.200.202406191623/tools/bin/../lib/gcc/arm-none-eabi/12.3.1/thumb/v7e-m+fp/hard/crtn.o
                0x08006a90                        . = ALIGN (0x4)
                0x08006a90                        _etext = .

.vfp11_veneer   0x08006a90        0x0
 .vfp11_veneer  0x08006a90        0x0 linker stubs

.v4_bx          0x08006a90        0x0
 .v4_bx         0x08006a90        0x0 linker stubs

.iplt           0x08006a90        0x0
 .iplt          0x08006a90        0x0 C:/ST/STM32CubeIDE_1.16.0/STM32CubeIDE/plugins/com.st.stm32cube.ide.mcu.externaltools.gnu-tools-for-stm32.12.3.rel1.win32_1.0.200.202406191623/tools/bin/../lib/gcc/arm-none-eabi/12.3.1/thumb/v7e-m+fp/hard/crtbegin.o

.rodata         0x08006a90      0x114
                0x08006a90                        . = ALIGN (0x4)
 *(.rodata)
 *(.rodata*)
 .rodata.str1.4
                0x08006a90        0xc ./Core/Src/freertos.o
 .rodata.defaultTask_attributes
                0x08006a9c       0x24 ./Core/Src/freertos.o
                0x08006a9c                defaultTask_attributes
 .rodata.APBPrescTable
                0x08006ac0        0x8 ./Core/Src/system_stm32f4xx.o
                0x08006ac0                APBPrescTable
 .rodata.AHBPrescTable
                0x08006ac8       0x10 ./Core/Src/system_stm32f4xx.o
                0x08006ac8                AHBPrescTable
 .rodata.USBD_Init.str1.4
                0x08006ad8       0x1e ./Middlewares/ST/STM32_USB_Device_Library/Core/Src/usbd_core.o
 *fill*         0x08006af6        0x2 
 .rodata.USBD_RegisterClass.str1.4
                0x08006af8       0x15 ./Middlewares/ST/STM32_USB_Device_Library/Core/Src/usbd_core.o
 *fill*         0x08006b0d        0x3 
 .rodata.vTaskStartScheduler.str1.4
                0x08006b10        0x5 ./Middlewares/Third_Party/FreeRTOS/Source/tasks.o
 *fill*         0x08006b15        0x3 
 .rodata.prvCheckForValidListAndQueue.str1.4
                0x08006b18        0x5 ./Middlewares/Third_Party/FreeRTOS/Source/timers.o
 *fill*         0x08006b1d        0x3 
 .rodata.xTimerCreateTimerTask.str1.4
                0x08006b20        0x8 ./Middlewares/Third_Party/FreeRTOS/Source/timers.o
 .rodata.USBD_HS_ManufacturerStrDescriptor.str1.4
                0x08006b28       0x13 ./USB_DEVICE/App/usbd_desc.o
 *fill*         0x08006b3b        0x1 
 .rodata.USBD_HS_ProductStrDescriptor.str1.4
                0x08006b3c       0x16 ./USB_DEVICE/App/usbd_desc.o
 *fill*         0x08006b52        0x2 
 .rodata.USBD_HS_ConfigStrDescriptor.str1.4
                0x08006b54        0xb ./USB_DEVICE/App/usbd_desc.o
 *fill*         0x08006b5f        0x1 
 .rodata.USBD_HS_InterfaceStrDescriptor.str1.4
                0x08006b60        0xe ./USB_DEVICE/App/usbd_desc.o
 .rodata._vfprintf_r.str1.1
                0x08006b6e       0x11 C:/ST/STM32CubeIDE_1.16.0/STM32CubeIDE/plugins/com.st.stm32cube.ide.mcu.externaltools.gnu-tools-for-stm32.12.3.rel1.win32_1.0.200.202406191623/tools/bin/../lib/gcc/arm-none-eabi/12.3.1/../../../../arm-none-eabi/lib/thumb/v7e-m+fp/hard\libc_nano.a(libc_a-nano-vfprintf.o)
 .rodata._printf_i.str1.1
                0x08006b7f       0x22 C:/ST/STM32CubeIDE_1.16.0/STM32CubeIDE/plugins/com.st.stm32cube.ide.mcu.externaltools.gnu-tools-for-stm32.12.3.rel1.win32_1.0.200.202406191623/tools/bin/../lib/gcc/arm-none-eabi/12.3.1/../../../../arm-none-eabi/lib/thumb/v7e-m+fp/hard\libc_nano.a(libc_a-nano-vfprintf_i.o)
                0x08006ba4                        . = ALIGN (0x4)
 *fill*         0x08006ba1        0x3 

.ARM.extab      0x08006ba4        0x0
                0x08006ba4                        . = ALIGN (0x4)
 *(.ARM.extab* .gnu.linkonce.armextab.*)
                0x08006ba4                        . = ALIGN (0x4)

.ARM            0x08006ba4        0x8
                0x08006ba4                        . = ALIGN (0x4)
                0x08006ba4                        __exidx_start = .
 *(.ARM.exidx*)
 .ARM.exidx     0x08006ba4        0x8 C:/ST/STM32CubeIDE_1.16.0/STM32CubeIDE/plugins/com.st.stm32cube.ide.mcu.externaltools.gnu-tools-for-stm32.12.3.rel1.win32_1.0.200.202406191623/tools/bin/../lib/gcc/arm-none-eabi/12.3.1/../../../../arm-none-eabi/lib/thumb/v7e-m+fp/hard\libc_nano.a(libc_a-strlen.o)
 .ARM.exidx     0x08006bac        0x0 C:/ST/STM32CubeIDE_1.16.0/STM32CubeIDE/plugins/com.st.stm32cube.ide.mcu.externaltools.gnu-tools-for-stm32.12.3.rel1.win32_1.0.200.202406191623/tools/bin/../lib/gcc/arm-none-eabi/12.3.1/../../../../arm-none-eabi/lib/thumb/v7e-m+fp/hard\libc_nano.a(libc_a-memchr.o)
                                  0x8 (size before relaxing)
 .ARM.exidx     0x08006bac        0x0 C:/ST/STM32CubeIDE_1.16.0/STM32CubeIDE/plugins/com.st.stm32cube.ide.mcu.externaltools.gnu-tools-for-stm32.12.3.rel1.win32_1.0.200.202406191623/tools/bin/../lib/gcc/arm-none-eabi/12.3.1/thumb/v7e-m+fp/hard\libgcc.a(_udivmoddi4.o)
                                  0x8 (size before relaxing)
                0x08006bac                        __exidx_end = .
                0x08006bac                        . = ALIGN (0x4)

.preinit_array  0x08006bac        0x0
                0x08006bac                        . = ALIGN (0x4)
                0x08006bac                        PROVIDE (__preinit_array_start = .)
 *(.preinit_array*)
                0x08006bac                        PROVIDE (__preinit_array_end = .)
                0x08006bac                        . = ALIGN (0x4)

.init_array     0x08006bac        0x4
                0x08006bac                        . = ALIGN (0x4)
                0x08006bac                        PROVIDE (__init_array_start = .)
 *(SORT_BY_NAME(.init_array.*))
 *(.init_array*)
 .init_array    0x08006bac        0x4 C:/ST/STM32CubeIDE_1.16.0/STM32CubeIDE/plugins/com.st.stm32cube.ide.mcu.externaltools.gnu-tools-for-stm32.12.3.rel1.win32_1.0.200.202406191623/tools/bin/../lib/gcc/arm-none-eabi/12.3.1/thumb/v7e-m+fp/hard/crtbegin.o
                0x08006bb0                        PROVIDE (__init_array_end = .)
                0x08006bb0                        . = ALIGN (0x4)

.fini_array     0x08006bb0        0x4
                0x08006bb0                        . = ALIGN (0x4)
                [!provide]                        PROVIDE (__fini_array_start = .)
 *(SORT_BY_NAME(.fini_array.*))
 *(.fini_array*)
 .fini_array    0x08006bb0        0x4 C:/ST/STM32CubeIDE_1.16.0/STM32CubeIDE/plugins/com.st.stm32cube.ide.mcu.externaltools.gnu-tools-for-stm32.12.3.rel1.win32_1.0.200.202406191623/tools/bin/../lib/gcc/arm-none-eabi/12.3.1/thumb/v7e-m+fp/hard/crtbegin.o
                [!provide]                        PROVIDE (__fini_array_end = .)
                0x08006bb4                        . = ALIGN (0x4)
                0x08006bb4                        _sidata = LOADADDR (.data)

.rel.dyn        0x08006bb4        0x0
 .rel.iplt      0x08006bb4        0x0 C:/ST/STM32CubeIDE_1.16.0/STM32CubeIDE/plugins/com.st.stm32cube.ide.mcu.externaltools.gnu-tools-for-stm32.12.3.rel1.win32_1.0.200.202406191623/tools/bin/../lib/gcc/arm-none-eabi/12.3.1/thumb/v7e-m+fp/hard/crtbegin.o

.data           0x20000000      0x158 load address 0x08006bb4
                0x20000000                        . = ALIGN (0x4)
                0x20000000                        _sdata = .
 *(.data)
 *(.data*)
 .data.SystemCoreClock
                0x20000000        0x4 ./Core/Src/system_stm32f4xx.o
                0x20000000                SystemCoreClock
 .data.uwTickFreq
                0x20000004        0x1 ./Drivers/STM32F4xx_HAL_Driver/Src/stm32f4xx_hal.o
                0x20000004                uwTickFreq
 *fill*         0x20000005        0x3 
 .data.uwTickPrio
                0x20000008        0x4 ./Drivers/STM32F4xx_HAL_Driver/Src/stm32f4xx_hal.o
                0x20000008                uwTickPrio
 .data.USBD_CDC_CfgDesc
                0x2000000c       0x43 ./Middlewares/ST/STM32_USB_Device_Library/Class/CDC/Src/usbd_cdc.o
 *fill*         0x2000004f        0x1 
 .data.USBD_CDC
                0x20000050       0x38 ./Middlewares/ST/STM32_USB_Device_Library/Class/CDC/Src/usbd_cdc.o
                0x20000050                USBD_CDC
 .data.USBD_CDC_DeviceQualifierDesc
                0x20000088        0xa ./Middlewares/ST/STM32_USB_Device_Library/Class/CDC/Src/usbd_cdc.o
 *fill*         0x20000092        0x2 
 .data.uxCriticalNesting
                0x20000094        0x4 ./Middlewares/Third_Party/FreeRTOS/Source/portable/GCC/ARM_CM4F/port.o
 .data.USBD_Interface_fops_HS
                0x20000098       0x14 ./USB_DEVICE/App/usbd_cdc_if.o
                0x20000098                USBD_Interface_fops_HS
 .data.USBD_StringSerial
                0x200000ac       0x1a ./USB_DEVICE/App/usbd_desc.o
                0x200000ac                USBD_StringSerial
 *fill*         0x200000c6        0x2 
 .data.USBD_LangIDDesc
                0x200000c8        0x4 ./USB_DEVICE/App/usbd_desc.o
                0x200000c8                USBD_LangIDDesc
 .data.USBD_HS_DeviceDesc
                0x200000cc       0x12 ./USB_DEVICE/App/usbd_desc.o
                0x200000cc                USBD_HS_DeviceDesc
 *fill*         0x200000de        0x2 
 .data.HS_Desc  0x200000e0       0x1c ./USB_DEVICE/App/usbd_desc.o
                0x200000e0                HS_Desc
 .data.__sglue  0x200000fc        0xc C:/ST/STM32CubeIDE_1.16.0/STM32CubeIDE/plugins/com.st.stm32cube.ide.mcu.externaltools.gnu-tools-for-stm32.12.3.rel1.win32_1.0.200.202406191623/tools/bin/../lib/gcc/arm-none-eabi/12.3.1/../../../../arm-none-eabi/lib/thumb/v7e-m+fp/hard\libc_nano.a(libc_a-findfp.o)
                0x200000fc                __sglue
 .data._impure_ptr
                0x20000108        0x4 C:/ST/STM32CubeIDE_1.16.0/STM32CubeIDE/plugins/com.st.stm32cube.ide.mcu.externaltools.gnu-tools-for-stm32.12.3.rel1.win32_1.0.200.202406191623/tools/bin/../lib/gcc/arm-none-eabi/12.3.1/../../../../arm-none-eabi/lib/thumb/v7e-m+fp/hard\libc_nano.a(libc_a-impure.o)
                0x20000108                _impure_ptr
 .data._impure_data
                0x2000010c       0x4c C:/ST/STM32CubeIDE_1.16.0/STM32CubeIDE/plugins/com.st.stm32cube.ide.mcu.externaltools.gnu-tools-for-stm32.12.3.rel1.win32_1.0.200.202406191623/tools/bin/../lib/gcc/arm-none-eabi/12.3.1/../../../../arm-none-eabi/lib/thumb/v7e-m+fp/hard\libc_nano.a(libc_a-impure.o)
                0x2000010c                _impure_data
 *(.RamFunc)
 *(.RamFunc*)
                0x20000158                        . = ALIGN (0x4)
                0x20000158                        _edata = .
                0x08006d0c                        _siccmram = LOADADDR (.ccmram)

.igot.plt       0x20000158        0x0 load address 0x08006d0c
 .igot.plt      0x20000158        0x0 C:/ST/STM32CubeIDE_1.16.0/STM32CubeIDE/plugins/com.st.stm32cube.ide.mcu.externaltools.gnu-tools-for-stm32.12.3.rel1.win32_1.0.200.202406191623/tools/bin/../lib/gcc/arm-none-eabi/12.3.1/thumb/v7e-m+fp/hard/crtbegin.o

.ccmram         0x10000000        0x0 load address 0x08006d0c
                0x10000000                        . = ALIGN (0x4)
                0x10000000                        _sccmram = .
 *(.ccmram)
 *(.ccmram*)
                0x10000000                        . = ALIGN (0x4)
                0x10000000                        _eccmram = .
                0x10000000                        . = ALIGN (0x4)

.bss            0x20000158     0xb184
                0x20000158                        _sbss = .
                0x20000158                        __bss_start__ = _sbss
 *(.bss)
 .bss           0x20000158       0x1c C:/ST/STM32CubeIDE_1.16.0/STM32CubeIDE/plugins/com.st.stm32cube.ide.mcu.externaltools.gnu-tools-for-stm32.12.3.rel1.win32_1.0.200.202406191623/tools/bin/../lib/gcc/arm-none-eabi/12.3.1/thumb/v7e-m+fp/hard/crtbegin.o
 *(.bss*)
 .bss.defaultTaskHandle
                0x20000174        0x4 ./Core/Src/freertos.o
                0x20000174                defaultTaskHandle
 .bss.htim3     0x20000178       0x48 ./Core/Src/stm32f4xx_hal_timebase_tim.o
                0x20000178                htim3
 .bss.__sbrk_heap_end
                0x200001c0        0x4 ./Core/Src/sysmem.o
 .bss.uwTick    0x200001c4        0x4 ./Drivers/STM32F4xx_HAL_Driver/Src/stm32f4xx_hal.o
                0x200001c4                uwTick
 .bss.cfgidx.0  0x200001c8        0x1 ./Middlewares/ST/STM32_USB_Device_Library/Core/Src/usbd_ctlreq.o
 *fill*         0x200001c9        0x3 
 .bss.Timer_Stack.0
                0x200001cc      0x800 ./Middlewares/Third_Party/FreeRTOS/Source/CMSIS_RTOS_V2/cmsis_os2.o
 .bss.Timer_TCB.1
                0x200009cc       0xa8 ./Middlewares/Third_Party/FreeRTOS/Source/CMSIS_RTOS_V2/cmsis_os2.o
 .bss.Idle_Stack.2
                0x20000a74      0x400 ./Middlewares/Third_Party/FreeRTOS/Source/CMSIS_RTOS_V2/cmsis_os2.o
 .bss.Idle_TCB.3
                0x20000e74       0xa8 ./Middlewares/Third_Party/FreeRTOS/Source/CMSIS_RTOS_V2/cmsis_os2.o
 .bss.KernelState
                0x20000f1c        0x4 ./Middlewares/Third_Party/FreeRTOS/Source/CMSIS_RTOS_V2/cmsis_os2.o
 .bss.xQueueRegistry
                0x20000f20       0x40 ./Middlewares/Third_Party/FreeRTOS/Source/queue.o
                0x20000f20                xQueueRegistry
 .bss.uxSchedulerSuspended
                0x20000f60        0x4 ./Middlewares/Third_Party/FreeRTOS/Source/tasks.o
 .bss.xNextTaskUnblockTime
                0x20000f64        0x4 ./Middlewares/Third_Party/FreeRTOS/Source/tasks.o
 .bss.uxTaskNumber
                0x20000f68        0x4 ./Middlewares/Third_Party/FreeRTOS/Source/tasks.o
 .bss.xNumOfOverflows
                0x20000f6c        0x4 ./Middlewares/Third_Party/FreeRTOS/Source/tasks.o
 .bss.xYieldPending
                0x20000f70        0x4 ./Middlewares/Third_Party/FreeRTOS/Source/tasks.o
 .bss.xPendedTicks
                0x20000f74        0x4 ./Middlewares/Third_Party/FreeRTOS/Source/tasks.o
 .bss.xSchedulerRunning
                0x20000f78        0x4 ./Middlewares/Third_Party/FreeRTOS/Source/tasks.o
 .bss.uxTopReadyPriority
                0x20000f7c        0x4 ./Middlewares/Third_Party/FreeRTOS/Source/tasks.o
 .bss.xTickCount
                0x20000f80        0x4 ./Middlewares/Third_Party/FreeRTOS/Source/tasks.o
 .bss.uxCurrentNumberOfTasks
                0x20000f84        0x4 ./Middlewares/Third_Party/FreeRTOS/Source/tasks.o
 .bss.xSuspendedTaskList
                0x20000f88       0x14 ./Middlewares/Third_Party/FreeRTOS/Source/tasks.o
 .bss.uxDeletedTasksWaitingCleanUp
                0x20000f9c        0x4 ./Middlewares/Third_Party/FreeRTOS/Source/tasks.o
 .bss.xTasksWaitingTermination
                0x20000fa0       0x14 ./Middlewares/Third_Party/FreeRTOS/Source/tasks.o
 .bss.xPendingReadyList
                0x20000fb4       0x14 ./Middlewares/Third_Party/FreeRTOS/Source/tasks.o
 .bss.pxOverflowDelayedTaskList
                0x20000fc8        0x4 ./Middlewares/Third_Party/FreeRTOS/Source/tasks.o
 .bss.pxDelayedTaskList
                0x20000fcc        0x4 ./Middlewares/Third_Party/FreeRTOS/Source/tasks.o
 .bss.xDelayedTaskList2
                0x20000fd0       0x14 ./Middlewares/Third_Party/FreeRTOS/Source/tasks.o
 .bss.xDelayedTaskList1
                0x20000fe4       0x14 ./Middlewares/Third_Party/FreeRTOS/Source/tasks.o
 .bss.pxReadyTasksLists
                0x20000ff8      0x460 ./Middlewares/Third_Party/FreeRTOS/Source/tasks.o
 .bss.pxCurrentTCB
                0x20001458        0x4 ./Middlewares/Third_Party/FreeRTOS/Source/tasks.o
                0x20001458                pxCurrentTCB
 .bss.xStaticTimerQueue.0
                0x2000145c       0x50 ./Middlewares/Third_Party/FreeRTOS/Source/timers.o
 .bss.ucStaticTimerQueueStorage.1
                0x200014ac       0xa0 ./Middlewares/Third_Party/FreeRTOS/Source/timers.o
 .bss.xLastTime.2
                0x2000154c        0x4 ./Middlewares/Third_Party/FreeRTOS/Source/timers.o
 .bss.xTimerTaskHandle
                0x20001550        0x4 ./Middlewares/Third_Party/FreeRTOS/Source/timers.o
 .bss.xTimerQueue
                0x20001554        0x4 ./Middlewares/Third_Party/FreeRTOS/Source/timers.o
 .bss.pxOverflowTimerList
                0x20001558        0x4 ./Middlewares/Third_Party/FreeRTOS/Source/timers.o
 .bss.pxCurrentTimerList
                0x2000155c        0x4 ./Middlewares/Third_Party/FreeRTOS/Source/timers.o
 .bss.xActiveTimerList2
                0x20001560       0x14 ./Middlewares/Third_Party/FreeRTOS/Source/timers.o
 .bss.xActiveTimerList1
                0x20001574       0x14 ./Middlewares/Third_Party/FreeRTOS/Source/timers.o
 .bss.ulMaxPRIGROUPValue
                0x20001588        0x4 ./Middlewares/Third_Party/FreeRTOS/Source/portable/GCC/ARM_CM4F/port.o
 .bss.ucMaxSysCallPriority
                0x2000158c        0x1 ./Middlewares/Third_Party/FreeRTOS/Source/portable/GCC/ARM_CM4F/port.o
 *fill*         0x2000158d        0x3 
 .bss.xBlockAllocatedBit
                0x20001590        0x4 ./Middlewares/Third_Party/FreeRTOS/Source/portable/MemMang/heap_4.o
 .bss.xNumberOfSuccessfulFrees
                0x20001594        0x4 ./Middlewares/Third_Party/FreeRTOS/Source/portable/MemMang/heap_4.o
 .bss.xNumberOfSuccessfulAllocations
                0x20001598        0x4 ./Middlewares/Third_Party/FreeRTOS/Source/portable/MemMang/heap_4.o
 .bss.xMinimumEverFreeBytesRemaining
                0x2000159c        0x4 ./Middlewares/Third_Party/FreeRTOS/Source/portable/MemMang/heap_4.o
 .bss.xFreeBytesRemaining
                0x200015a0        0x4 ./Middlewares/Third_Party/FreeRTOS/Source/portable/MemMang/heap_4.o
 .bss.pxEnd     0x200015a4        0x4 ./Middlewares/Third_Party/FreeRTOS/Source/portable/MemMang/heap_4.o
 .bss.xStart    0x200015a8        0x8 ./Middlewares/Third_Party/FreeRTOS/Source/portable/MemMang/heap_4.o
 .bss.ucHeap    0x200015b0     0x7fff ./Middlewares/Third_Party/FreeRTOS/Source/portable/MemMang/heap_4.o
 *fill*         0x200095af        0x1 
 .bss.hUsbDeviceHS
                0x200095b0      0x2dc ./USB_DEVICE/App/usb_device.o
                0x200095b0                hUsbDeviceHS
 .bss.UserTxBufferHS
                0x2000988c      0x800 ./USB_DEVICE/App/usbd_cdc_if.o
                0x2000988c                UserTxBufferHS
 .bss.UserRxBufferHS
                0x2000a08c      0x800 ./USB_DEVICE/App/usbd_cdc_if.o
                0x2000a08c                UserRxBufferHS
 .bss.USBD_StrDesc
                0x2000a88c      0x200 ./USB_DEVICE/App/usbd_desc.o
                0x2000a88c                USBD_StrDesc
 .bss.mem.0     0x2000aa8c      0x220 ./USB_DEVICE/Target/usbd_conf.o
 .bss.hpcd_USB_OTG_HS
                0x2000acac      0x4e4 ./USB_DEVICE/Target/usbd_conf.o
                0x2000acac                hpcd_USB_OTG_HS
 .bss.__sf      0x2000b190      0x138 C:/ST/STM32CubeIDE_1.16.0/STM32CubeIDE/plugins/com.st.stm32cube.ide.mcu.externaltools.gnu-tools-for-stm32.12.3.rel1.win32_1.0.200.202406191623/tools/bin/../lib/gcc/arm-none-eabi/12.3.1/../../../../arm-none-eabi/lib/thumb/v7e-m+fp/hard\libc_nano.a(libc_a-findfp.o)
                0x2000b190                __sf
 .bss.__stdio_exit_handler
                0x2000b2c8        0x4 C:/ST/STM32CubeIDE_1.16.0/STM32CubeIDE/plugins/com.st.stm32cube.ide.mcu.externaltools.gnu-tools-for-stm32.12.3.rel1.win32_1.0.200.202406191623/tools/bin/../lib/gcc/arm-none-eabi/12.3.1/../../../../arm-none-eabi/lib/thumb/v7e-m+fp/hard\libc_nano.a(libc_a-findfp.o)
                0x2000b2c8                __stdio_exit_handler