../Core/Src/stm32f4xx_it.c:71:6:NMI_Handler	8	static
../Core/Src/stm32f4xx_it.c:87:6:HardFault_Handler	0	static
../Core/Src/stm32f4xx_it.c:102:6:MemManage_Handler	0	static
../Core/Src/stm32f4xx_it.c:117:6:BusFault_Handler	0	static
../Core/Src/stm32f4xx_it.c:132:6:UsageFault_Handler	0	static
../Core/Src/stm32f4xx_it.c:147:6:DebugMon_Handler	0	static
../Core/Src/stm32f4xx_it.c:167:6:TIM3_IRQHandler	0	static
../Core/Src/stm32f4xx_it.c:181:6:OTG_HS_EP1_OUT_IRQHandler	0	static
../Core/Src/stm32f4xx_it.c:195:6:OTG_HS_EP1_IN_IRQHandler	0	static
../Core/Src/stm32f4xx_it.c:209:6:OTG_HS_IRQHandler	0	static
